Component: ARM Compiler 5.06 update 7 (build 960) Tool: armlink [4d3601]

==============================================================================

Section Cross References

    startup_stm32f103xe.o(RESET) refers to startup_stm32f103xe.o(STACK) for __initial_sp
    startup_stm32f103xe.o(RESET) refers to startup_stm32f103xe.o(.text) for Reset_Handler
    startup_stm32f103xe.o(RESET) refers to stm32f1xx_it.o(i.NMI_Handler) for NMI_Handler
    startup_stm32f103xe.o(RESET) refers to stm32f1xx_it.o(i.HardFault_Handler) for HardFault_Handler
    startup_stm32f103xe.o(RESET) refers to stm32f1xx_it.o(i.MemManage_Handler) for MemManage_Handler
    startup_stm32f103xe.o(RESET) refers to stm32f1xx_it.o(i.BusFault_Handler) for BusFault_Handler
    startup_stm32f103xe.o(RESET) refers to stm32f1xx_it.o(i.UsageFault_Handler) for UsageFault_Handler
    startup_stm32f103xe.o(RESET) refers to stm32f1xx_it.o(i.SVC_Handler) for SVC_Handler
    startup_stm32f103xe.o(RESET) refers to stm32f1xx_it.o(i.DebugMon_Handler) for DebugMon_Handler
    startup_stm32f103xe.o(RESET) refers to stm32f1xx_it.o(i.PendSV_Handler) for PendSV_Handler
    startup_stm32f103xe.o(RESET) refers to stm32f1xx_it.o(i.SysTick_Handler) for SysTick_Handler
    startup_stm32f103xe.o(RESET) refers to stm32f1xx_it.o(i.USB_LP_CAN1_RX0_IRQHandler) for USB_LP_CAN1_RX0_IRQHandler
    startup_stm32f103xe.o(.text) refers to system_stm32f1xx.o(i.SystemInit) for SystemInit
    startup_stm32f103xe.o(.text) refers to entry.o(.ARM.Collect$$$$00000000) for __main
    ad5933.o(i.AD5933_Sweep) refers to ad5933.o(i.Fre_To_Hex) for Fre_To_Hex
    ad5933.o(i.AD5933_Sweep) refers to ad5933.o(i.Scale_imp) for Scale_imp
    ad5933.o(i.AD5933_Tempter) refers to ad5933.o(i.Write_Byte) for Write_Byte
    ad5933.o(i.AD5933_Tempter) refers to ad5933.o(i.Rece_Byte) for Rece_Byte
    ad5933.o(i.Fre_To_Hex) refers to f2d.o(.text) for __aeabi_f2d
    ad5933.o(i.Fre_To_Hex) refers to dmul.o(.text) for __aeabi_dmul
    ad5933.o(i.Fre_To_Hex) refers to dfixui.o(.text) for __aeabi_d2uiz
    ad5933.o(i.Rece_Byte) refers to ad5933.o(i.SetPointer) for SetPointer
    ad5933.o(i.Rece_Byte) refers to stm32f1xx_hal_i2c.o(i.HAL_I2C_Master_Receive) for HAL_I2C_Master_Receive
    ad5933.o(i.Rece_Byte) refers to i2c.o(.bss) for hi2c2
    ad5933.o(i.Scale_imp) refers to ad5933.o(i.Write_Byte) for Write_Byte
    ad5933.o(i.Scale_imp) refers to stm32f1xx_hal.o(i.HAL_Delay) for HAL_Delay
    ad5933.o(i.Scale_imp) refers to ad5933.o(i.Rece_Byte) for Rece_Byte
    ad5933.o(i.Scale_imp) refers to ad5933.o(.data) for .data
    ad5933.o(i.Scale_imp) refers to ad5933.o(.bss) for .bss
    ad5933.o(i.SetPointer) refers to stm32f1xx_hal_i2c.o(i.HAL_I2C_Master_Transmit) for HAL_I2C_Master_Transmit
    ad5933.o(i.SetPointer) refers to i2c.o(.bss) for hi2c2
    ad5933.o(i.Write_Byte) refers to stm32f1xx_hal_i2c.o(i.HAL_I2C_Master_Transmit) for HAL_I2C_Master_Transmit
    ad5933.o(i.Write_Byte) refers to i2c.o(.bss) for hi2c2
    main.o(i.RACWH_Recv) refers to main.o(.bss) for .bss
    main.o(i.RACWH_Recv) refers to main.o(.data) for .data
    main.o(i.RACWH_Trans) refers to ad5933.o(i.AD5933_Tempter) for AD5933_Tempter
    main.o(i.RACWH_Trans) refers to usbd_cdc_if.o(i.CDC_Transmit_FS) for CDC_Transmit_FS
    main.o(i.RACWH_Trans) refers to main.o(.data) for .data
    main.o(i.RACWH_Trans) refers to ad5933.o(.bss) for realArr
    main.o(i.SystemClock_Config) refers to memseta.o(.text) for __aeabi_memclr4
    main.o(i.SystemClock_Config) refers to stm32f1xx_hal_rcc.o(i.HAL_RCC_OscConfig) for HAL_RCC_OscConfig
    main.o(i.SystemClock_Config) refers to stm32f1xx_hal_rcc.o(i.HAL_RCC_ClockConfig) for HAL_RCC_ClockConfig
    main.o(i.SystemClock_Config) refers to stm32f1xx_hal_rcc_ex.o(i.HAL_RCCEx_PeriphCLKConfig) for HAL_RCCEx_PeriphCLKConfig
    main.o(i.main) refers to stm32f1xx_hal.o(i.HAL_Init) for HAL_Init
    main.o(i.main) refers to main.o(i.SystemClock_Config) for SystemClock_Config
    main.o(i.main) refers to gpio.o(i.MX_GPIO_Init) for MX_GPIO_Init
    main.o(i.main) refers to usb_device.o(i.MX_USB_DEVICE_Init) for MX_USB_DEVICE_Init
    main.o(i.main) refers to i2c.o(i.MX_I2C2_Init) for MX_I2C2_Init
    main.o(i.main) refers to stm32f1xx_hal_gpio.o(i.HAL_GPIO_TogglePin) for HAL_GPIO_TogglePin
    main.o(i.main) refers to main.o(i.RACWH_Recv) for RACWH_Recv
    main.o(i.main) refers to ffltui.o(.text) for __aeabi_ui2f
    main.o(i.main) refers to ad5933.o(i.AD5933_Sweep) for AD5933_Sweep
    main.o(i.main) refers to main.o(i.RACWH_Trans) for RACWH_Trans
    main.o(i.main) refers to main.o(.bss) for .bss
    main.o(i.main) refers to main.o(.data) for .data
    gpio.o(i.MX_GPIO_Init) refers to stm32f1xx_hal_gpio.o(i.HAL_GPIO_WritePin) for HAL_GPIO_WritePin
    gpio.o(i.MX_GPIO_Init) refers to stm32f1xx_hal_gpio.o(i.HAL_GPIO_Init) for HAL_GPIO_Init
[...]
    ../clib/microlib/stdio/fputc.c           0x00000000   Number         0  fputc.o ABSOLUTE
    ../clib/microlib/stdio/semi.s            0x00000000   Number         0  semi.o ABSOLUTE
    ../clib/microlib/stdio/streams.c         0x00000000   Number         0  stdout.o ABSOLUTE
    ../clib/microlib/string/memcpy.c         0x00000000   Number         0  memcpyb.o ABSOLUTE
    ../clib/microlib/string/memcpy.c         0x00000000   Number         0  memcpya.o ABSOLUTE
    ../clib/microlib/string/memset.c         0x00000000   Number         0  memseta.o ABSOLUTE
    ../clib/microlib/stubs.s                 0x00000000   Number         0  iusesemip.o ABSOLUTE
    ../clib/microlib/stubs.s                 0x00000000   Number         0  iusefp.o ABSOLUTE
    ../fplib/microlib/f2d.c                  0x00000000   Number         0  f2d.o ABSOLUTE
    ../fplib/microlib/fpadd.c                0x00000000   Number         0  dadd.o ABSOLUTE
    ../fplib/microlib/fpdiv.c                0x00000000   Number         0  ddiv.o ABSOLUTE
    ../fplib/microlib/fpepilogue.c           0x00000000   Number         0  depilogue.o ABSOLUTE
    ../fplib/microlib/fpepilogue.c           0x00000000   Number         0  fepilogue.o ABSOLUTE
    ../fplib/microlib/fpfix.c                0x00000000   Number         0  dfixui.o ABSOLUTE
    ../fplib/microlib/fpfix.c                0x00000000   Number         0  dfixul.o ABSOLUTE
    ../fplib/microlib/fpflt.c                0x00000000   Number         0  ffltui.o ABSOLUTE
    ../fplib/microlib/fpmul.c                0x00000000   Number         0  dmul.o ABSOLUTE
    ..\Core\Src\gpio.c                       0x00000000   Number         0  gpio.o ABSOLUTE
    ..\Core\Src\i2c.c                        0x00000000   Number         0  i2c.o ABSOLUTE
    ..\Core\Src\main.c                       0x00000000   Number         0  main.o ABSOLUTE
    ..\Core\Src\stm32f1xx_hal_msp.c          0x00000000   Number         0  stm32f1xx_hal_msp.o ABSOLUTE
    ..\Core\Src\stm32f1xx_it.c               0x00000000   Number         0  stm32f1xx_it.o ABSOLUTE
    ..\Core\Src\system_stm32f1xx.c           0x00000000   Number         0  system_stm32f1xx.o ABSOLUTE
    ..\Drivers\STM32F1xx_HAL_Driver\Src\stm32f1xx_hal.c 0x00000000   Number         0  stm32f1xx_hal.o ABSOLUTE
    ..\Drivers\STM32F1xx_HAL_Driver\Src\stm32f1xx_hal_cortex.c 0x00000000   Number         0  stm32f1xx_hal_cortex.o ABSOLUTE
    ..\Drivers\STM32F1xx_HAL_Driver\Src\stm32f1xx_hal_dma.c 0x00000000   Number         0  stm32f1xx_hal_dma.o ABSOLUTE
    ..\Drivers\STM32F1xx_HAL_Driver\Src\stm32f1xx_hal_exti.c 0x00000000   Number         0  stm32f1xx_hal_exti.o ABSOLUTE
    ..\Drivers\STM32F1xx_HAL_Driver\Src\stm32f1xx_hal_flash.c 0x00000000   Number         0  stm32f1xx_hal_flash.o ABSOLUTE
    ..\Drivers\STM32F1xx_HAL_Driver\Src\stm32f1xx_hal_flash_ex.c 0x00000000   Number         0  stm32f1xx_hal_flash_ex.o ABSOLUTE
    ..\Drivers\STM32F1xx_HAL_Driver\Src\stm32f1xx_hal_gpio.c 0x00000000   Number         0  stm32f1xx_hal_gpio.o ABSOLUTE
    ..\Drivers\STM32F1xx_HAL_Driver\Src\stm32f1xx_hal_gpio_ex.c 0x00000000   Number         0  stm32f1xx_hal_gpio_ex.o ABSOLUTE
    ..\Drivers\STM32F1xx_HAL_Driver\Src\stm32f1xx_hal_i2c.c 0x00000000   Number         0  stm32f1xx_hal_i2c.o ABSOLUTE
    ..\Drivers\STM32F1xx_HAL_Driver\Src\stm32f1xx_hal_pcd.c 0x00000000   Number         0  stm32f1xx_hal_pcd.o ABSOLUTE
    ..\Drivers\STM32F1xx_HAL_Driver\Src\stm32f1xx_hal_pcd_ex.c 0x00000000   Number         0  stm32f1xx_hal_pcd_ex.o ABSOLUTE
    ..\Drivers\STM32F1xx_HAL_Driver\Src\stm32f1xx_hal_pwr.c 0x00000000   Number         0  stm32f1xx_hal_pwr.o ABSOLUTE
    ..\Drivers\STM32F1xx_HAL_Driver\Src\stm32f1xx_hal_rcc.c 0x00000000   Number         0  stm32f1xx_hal_rcc.o ABSOLUTE
    ..\Drivers\STM32F1xx_HAL_Driver\Src\stm32f1xx_hal_rcc_ex.c 0x00000000   Number         0  stm32f1xx_hal_rcc_ex.o ABSOLUTE
    ..\Drivers\STM32F1xx_HAL_Driver\Src\stm32f1xx_hal_tim.c 0x00000000   Number         0  stm32f1xx_hal_tim.o ABSOLUTE
    ..\Drivers\STM32F1xx_HAL_Driver\Src\stm32f1xx_hal_tim_ex.c 0x00000000   Number         0  stm32f1xx_hal_tim_ex.o ABSOLUTE
    ..\Drivers\STM32F1xx_HAL_Driver\Src\stm32f1xx_ll_usb.c 0x00000000   Number         0  stm32f1xx_ll_usb.o ABSOLUTE
    ..\Middlewares\ST\STM32_USB_Device_Library\Class\CDC\Src\usbd_cdc.c 0x00000000   Number         0  usbd_cdc.o ABSOLUTE
    ..\Middlewares\ST\STM32_USB_Device_Library\Core\Src\usbd_core.c 0x00000000   Number         0  usbd_core.o ABSOLUTE
    ..\Middlewares\ST\STM32_USB_Device_Library\Core\Src\usbd_ctlreq.c 0x00000000   Number         0  usbd_ctlreq.o ABSOLUTE
    ..\Middlewares\ST\STM32_USB_Device_Library\Core\Src\usbd_ioreq.c 0x00000000   Number         0  usbd_ioreq.o ABSOLUTE
    ..\USB_DEVICE\App\usb_device.c           0x00000000   Number         0  usb_device.o ABSOLUTE
    ..\USB_DEVICE\App\usbd_cdc_if.c          0x00000000   Number         0  usbd_cdc_if.o ABSOLUTE
    ..\USB_DEVICE\App\usbd_desc.c            0x00000000   Number         0  usbd_desc.o ABSOLUTE
    ..\USB_DEVICE\Target\usbd_conf.c         0x00000000   Number         0  usbd_conf.o ABSOLUTE
    AD5933.c                                 0x00000000   Number         0  ad5933.o ABSOLUTE
    AD5933.c                                 0x00000000   Number         0  ad5933.o ABSOLUTE
    cdrcmple.s                               0x00000000   Number         0  cdrcmple.o ABSOLUTE
    dc.s                                     0x00000000   Number         0  dc.o ABSOLUTE
    handlers.s                               0x00000000   Number         0  handlers.o ABSOLUTE
    init.s                                   0x00000000   Number         0  init.o ABSOLUTE
    startup_stm32f103xe.s                    0x00000000   Number         0  startup_stm32f103xe.o ABSOLUTE
    RESET                                    0x08000000   Section      304  startup_stm32f103xe.o(RESET)
    .ARM.Collect$$$$00000000                 0x08000130   Section        0  entry.o(.ARM.Collect$$$$00000000)
    .ARM.Collect$$$$00000001                 0x08000130   Section        4  entry2.o(.ARM.Collect$$$$00000001)
    .ARM.Collect$$$$00000004                 0x08000134   Section        4  entry5.o(.ARM.Collect$$$$00000004)
    .ARM.Collect$$$$00000008                 0x08000138   Section        0  entry7b.o(.ARM.Collect$$$$00000008)
    .ARM.Collect$$$$0000000A                 0x08000138   Section        0  entry8b.o(.ARM.Collect$$$$0000000A)
    .ARM.Collect$$$$0000000B                 0x08000138   Section        8  entry9a.o(.ARM.Collect$$$$0000000B)
    .ARM.Collect$$$$0000000E                 0x08000140   Section        4  entry12b.o(.ARM.Collect$$$$0000000E)
    .ARM.Collect$$$$0000000F                 0x08000144   Section        0  entry10a.o(.ARM.Collect$$$$0000000F)
    .ARM.Collect$$$$00000011                 0x08000144   Section        0  entry11a.o(.ARM.Collect$$$$00000011)
    .ARM.Collect$$$$00002712                 0x08000144   Section        4  entry2.o(.ARM.Collect$$$$00002712)
    __lit__00000000                          0x08000144   Data           4  entry2.o(.ARM.Collect$$$$00002712)
    .text                                    0x08000148   Section       36  startup_stm32f103xe.o(.text)
    .text                                    0x0800016c   Section        0  llushr.o(.text)
    .text                                    0x0800018c   Section        0  memcpya.o(.text)
    .text                                    0x080001b0   Section        0  memseta.o(.text)
    .text                                    0x080001d4   Section        0  dmul.o(.text)
    .text                                    0x080002b8   Section        0  ffltui.o(.text)
    .text                                    0x080002c2   Section        0  dfixui.o(.text)
    .text                                    0x080002f4   Section        0  f2d.o(.text)
    .text                                    0x0800031a   Section        0  fepilogue.o(.text)
    .text                                    0x0800031a   Section        0  iusefp.o(.text)
    .text                                    0x08000388   Section        0  depilogue.o(.text)
    .text                                    0x08000444   Section       36  init.o(.text)
    .text                                    0x08000468   Section        0  llshl.o(.text)
    .text                                    0x08000486   Section        0  __dczerorl2.o(.text)
    i.AD5933_Sweep                           0x080004dc   Section        0  ad5933.o(i.AD5933_Sweep)
    i.AD5933_Tempter                         0x08000524   Section        0  ad5933.o(i.AD5933_Tempter)
    i.BusFault_Handler                       0x08000548   Section        0  stm32f1xx_it.o(i.BusFault_Handler)
    i.CDC_Control_FS                         0x0800054a   Section        0  usbd_cdc_if.o(i.CDC_Control_FS)
    CDC_Control_FS                           0x0800054b   Thumb Code     4  usbd_cdc_if.o(i.CDC_Control_FS)
    i.CDC_DeInit_FS                          0x0800054e   Section        0  usbd_cdc_if.o(i.CDC_DeInit_FS)
    CDC_DeInit_FS                            0x0800054f   Thumb Code     4  usbd_cdc_if.o(i.CDC_DeInit_FS)
    i.CDC_Init_FS                            0x08000554   Section        0  usbd_cdc_if.o(i.CDC_Init_FS)
    CDC_Init_FS                              0x08000555   Thumb Code    26  usbd_cdc_if.o(i.CDC_Init_FS)
    i.CDC_Receive_FS                         0x08000578   Section        0  usbd_cdc_if.o(i.CDC_Receive_FS)
    CDC_Receive_FS                           0x08000579   Thumb Code    84  usbd_cdc_if.o(i.CDC_Receive_FS)
    i.CDC_Transmit_FS                        0x080005dc   Section        0  usbd_cdc_if.o(i.CDC_Transmit_FS)
    i.DebugMon_Handler                       0x08000608   Section        0  stm32f1xx_it.o(i.DebugMon_Handler)
    i.Error_Handler                          0x0800060a   Section        0  main.o(i.Error_Handler)
    i.Fre_To_Hex                             0x0800060c   Section        0  ad5933.o(i.Fre_To_Hex)
    i.HAL_Delay                              0x08000634   Section        0  stm32f1xx_hal.o(i.HAL_Delay)
    i.HAL_GPIO_Init                          0x08000658   Section        0  stm32f1xx_hal_gpio.o(i.HAL_GPIO_Init)
    i.HAL_GPIO_TogglePin                     0x08000850   Section        0  stm32f1xx_hal_gpio.o(i.HAL_GPIO_TogglePin)
    i.HAL_GPIO_WritePin                      0x08000860   Section        0  stm32f1xx_hal_gpio.o(i.HAL_GPIO_WritePin)
    i.HAL_GetTick                            0x0800086c   Section        0  stm32f1xx_hal.o(i.HAL_GetTick)
    i.HAL_I2C_Init                           0x08000878   Section        0  stm32f1xx_hal_i2c.o(i.HAL_I2C_Init)
    i.HAL_I2C_Master_Receive                 0x08000a00   Section        0  stm32f1xx_hal_i2c.o(i.HAL_I2C_Master_Receive)
    i.HAL_I2C_Master_Transmit                0x08000c44   Section        0  stm32f1xx_hal_i2c.o(i.HAL_I2C_Master_Transmit)
    i.HAL_I2C_MspInit                        0x08000d70   Section        0  i2c.o(i.HAL_I2C_MspInit)
    i.HAL_IncTick                            0x08000dd0   Section        0  stm32f1xx_hal.o(i.HAL_IncTick)
    i.HAL_Init                               0x08000de0   Section        0  stm32f1xx_hal.o(i.HAL_Init)
    i.HAL_InitTick                           0x08000e04   Section        0  stm32f1xx_hal.o(i.HAL_InitTick)
    i.HAL_MspInit                            0x08000e44   Section        0  stm32f1xx_hal_msp.o(i.HAL_MspInit)
    i.HAL_NVIC_EnableIRQ                     0x08000e80   Section        0  stm32f1xx_hal_cortex.o(i.HAL_NVIC_EnableIRQ)
    i.HAL_NVIC_SetPriority                   0x08000e9c   Section        0  stm32f1xx_hal_cortex.o(i.HAL_NVIC_SetPriority)
    i.HAL_NVIC_SetPriorityGrouping           0x08000edc   Section        0  stm32f1xx_hal_cortex.o(i.HAL_NVIC_SetPriorityGrouping)
    i.HAL_PCDEx_PMAConfig                    0x08000f00   Section        0  stm32f1xx_hal_pcd_ex.o(i.HAL_PCDEx_PMAConfig)
    i.HAL_PCDEx_SetConnectionState           0x08000f3c   Section        0  usbd_conf.o(i.HAL_PCDEx_SetConnectionState)
    i.HAL_PCD_DataInStageCallback            0x08000f3e   Section        0  usbd_conf.o(i.HAL_PCD_DataInStageCallback)
    i.HAL_PCD_DataOutStageCallback           0x08000f50   Section        0  usbd_conf.o(i.HAL_PCD_DataOutStageCallback)
    i.HAL_PCD_EP_Close                       0x08000f64   Section        0  stm32f1xx_hal_pcd.o(i.HAL_PCD_EP_Close)
    i.HAL_PCD_EP_ClrStall                    0x08000fb0   Section        0  stm32f1xx_hal_pcd.o(i.HAL_PCD_EP_ClrStall)
    i.HAL_PCD_EP_DB_Receive                  0x0800100c   Section        0  stm32f1xx_hal_pcd.o(i.HAL_PCD_EP_DB_Receive)
    HAL_PCD_EP_DB_Receive                    0x0800100d   Thumb Code   230  stm32f1xx_hal_pcd.o(i.HAL_PCD_EP_DB_Receive)
    i.HAL_PCD_EP_DB_Transmit                 0x080010f2   Section        0  stm32f1xx_hal_pcd.o(i.HAL_PCD_EP_DB_Transmit)
    HAL_PCD_EP_DB_Transmit                   0x080010f3   Thumb Code   816  stm32f1xx_hal_pcd.o(i.HAL_PCD_EP_DB_Transmit)
    i.HAL_PCD_EP_GetRxCount                  0x08001422   Section        0  stm32f1xx_hal_pcd.o(i.HAL_PCD_EP_GetRxCount)
    i.HAL_PCD_EP_Open                        0x08001434   Section        0  stm32f1xx_hal_pcd.o(i.HAL_PCD_EP_Open)
    i.HAL_PCD_EP_Receive                     0x08001494   Section        0  stm32f1xx_hal_pcd.o(i.HAL_PCD_EP_Receive)
    i.HAL_PCD_EP_SetStall                    0x080014c6   Section        0  stm32f1xx_hal_pcd.o(i.HAL_PCD_EP_SetStall)
    i.HAL_PCD_EP_Transmit                    0x08001538   Section        0  stm32f1xx_hal_pcd.o(i.HAL_PCD_EP_Transmit)
    i.HAL_PCD_IRQHandler                     0x0800156c   Section        0  stm32f1xx_hal_pcd.o(i.HAL_PCD_IRQHandler)
    i.HAL_PCD_Init                           0x080016c0   Section        0  stm32f1xx_hal_pcd.o(i.HAL_PCD_Init)
    i.HAL_PCD_MspInit                        0x0800179c   Section        0  usbd_conf.o(i.HAL_PCD_MspInit)
    i.HAL_PCD_ResetCallback                  0x080017d8   Section        0  usbd_conf.o(i.HAL_PCD_ResetCallback)
    i.HAL_PCD_ResumeCallback                 0x080017fe   Section        0  usbd_conf.o(i.HAL_PCD_ResumeCallback)
    i.HAL_PCD_SOFCallback                    0x08001806   Section        0  usbd_conf.o(i.HAL_PCD_SOFCallback)
    i.HAL_PCD_SetAddress                     0x0800180e   Section        0  stm32f1xx_hal_pcd.o(i.HAL_PCD_SetAddress)
    i.HAL_PCD_SetupStageCallback             0x08001836   Section        0  usbd_conf.o(i.HAL_PCD_SetupStageCallback)
    i.HAL_PCD_Start                          0x08001844   Section        0  stm32f1xx_hal_pcd.o(i.HAL_PCD_Start)
    i.HAL_PCD_SuspendCallback                0x08001878   Section        0  usbd_conf.o(i.HAL_PCD_SuspendCallback)
    i.HAL_RCCEx_PeriphCLKConfig              0x0800189c   Section        0  stm32f1xx_hal_rcc_ex.o(i.HAL_RCCEx_PeriphCLKConfig)
    i.HAL_RCC_ClockConfig                    0x08001988   Section        0  stm32f1xx_hal_rcc.o(i.HAL_RCC_ClockConfig)
    i.HAL_RCC_GetPCLK1Freq                   0x08001ab4   Section        0  stm32f1xx_hal_rcc.o(i.HAL_RCC_GetPCLK1Freq)
    i.HAL_RCC_GetSysClockFreq                0x08001ad4   Section        0  stm32f1xx_hal_rcc.o(i.HAL_RCC_GetSysClockFreq)
    i.HAL_RCC_OscConfig                      0x08001b40   Section        0  stm32f1xx_hal_rcc.o(i.HAL_RCC_OscConfig)
    i.HAL_SYSTICK_Config                     0x08001e60   Section        0  stm32f1xx_hal_cortex.o(i.HAL_SYSTICK_Config)
    i.HardFault_Handler                      0x08001e88   Section        0  stm32f1xx_it.o(i.HardFault_Handler)
    i.I2C_IsAcknowledgeFailed                0x08001e8a   Section        0  stm32f1xx_hal_i2c.o(i.I2C_IsAcknowledgeFailed)
    I2C_IsAcknowledgeFailed                  0x08001e8b   Thumb Code    46  stm32f1xx_hal_i2c.o(i.I2C_IsAcknowledgeFailed)
    i.I2C_MasterRequestRead                  0x08001eb8   Section        0  stm32f1xx_hal_i2c.o(i.I2C_MasterRequestRead)
    I2C_MasterRequestRead                    0x08001eb9   Thumb Code   230  stm32f1xx_hal_i2c.o(i.I2C_MasterRequestRead)
    i.I2C_MasterRequestWrite                 0x08001fa4   Section        0  stm32f1xx_hal_i2c.o(i.I2C_MasterRequestWrite)
    I2C_MasterRequestWrite                   0x08001fa5   Thumb Code   150  stm32f1xx_hal_i2c.o(i.I2C_MasterRequestWrite)
    i.I2C_WaitOnBTFFlagUntilTimeout          0x08002040   Section        0  stm32f1xx_hal_i2c.o(i.I2C_WaitOnBTFFlagUntilTimeout)
    I2C_WaitOnBTFFlagUntilTimeout            0x08002041   Thumb Code    76  stm32f1xx_hal_i2c.o(i.I2C_WaitOnBTFFlagUntilTimeout)
    i.I2C_WaitOnFlagUntilTimeout             0x0800208c   Section        0  stm32f1xx_hal_i2c.o(i.I2C_WaitOnFlagUntilTimeout)
    I2C_WaitOnFlagUntilTimeout               0x0800208d   Thumb Code   104  stm32f1xx_hal_i2c.o(i.I2C_WaitOnFlagUntilTimeout)
    i.I2C_WaitOnMasterAddressFlagUntilTimeout 0x080020f4   Section        0  stm32f1xx_hal_i2c.o(i.I2C_WaitOnMasterAddressFlagUntilTimeout)
    I2C_WaitOnMasterAddressFlagUntilTimeout  0x080020f5   Thumb Code   150  stm32f1xx_hal_i2c.o(i.I2C_WaitOnMasterAddressFlagUntilTimeout)
    i.I2C_WaitOnRXNEFlagUntilTimeout         0x0800218a   Section        0  stm32f1xx_hal_i2c.o(i.I2C_WaitOnRXNEFlagUntilTimeout)
    I2C_WaitOnRXNEFlagUntilTimeout           0x0800218b   Thumb Code   102  stm32f1xx_hal_i2c.o(i.I2C_WaitOnRXNEFlagUntilTimeout)
    i.I2C_WaitOnTXEFlagUntilTimeout          0x080021f0   Section        0  stm32f1xx_hal_i2c.o(i.I2C_WaitOnTXEFlagUntilTimeout)
    I2C_WaitOnTXEFlagUntilTimeout            0x080021f1   Thumb Code    76  stm32f1xx_hal_i2c.o(i.I2C_WaitOnTXEFlagUntilTimeout)
    i.IntToUnicode                           0x0800223c   Section        0  usbd_desc.o(i.IntToUnicode)
    IntToUnicode                             0x0800223d   Thumb Code    56  usbd_desc.o(i.IntToUnicode)
    i.MX_GPIO_Init                           0x08002274   Section        0  gpio.o(i.MX_GPIO_Init)
    i.MX_I2C2_Init                           0x080022e4   Section        0  i2c.o(i.MX_I2C2_Init)
    i.MX_USB_DEVICE_Init                     0x08002324   Section        0  usb_device.o(i.MX_USB_DEVICE_Init)
    i.MemManage_Handler                      0x08002378   Section        0  stm32f1xx_it.o(i.MemManage_Handler)
    i.NMI_Handler                            0x0800237a   Section        0  stm32f1xx_it.o(i.NMI_Handler)
    i.PCD_EP_ISR_Handler                     0x0800237c   Section        0  stm32f1xx_hal_pcd.o(i.PCD_EP_ISR_Handler)
    PCD_EP_ISR_Handler                       0x0800237d   Thumb Code   788  stm32f1xx_hal_pcd.o(i.PCD_EP_ISR_Handler)
    i.PendSV_Handler                         0x08002690   Section        0  stm32f1xx_it.o(i.PendSV_Handler)
    i.RACWH_Recv                             0x08002694   Section        0  main.o(i.RACWH_Recv)
    i.RACWH_Trans                            0x080026f8   Section        0  main.o(i.RACWH_Trans)
    i.Rece_Byte                              0x080027c8   Section        0  ad5933.o(i.Rece_Byte)
    i.SVC_Handler                            0x080027ec   Section        0  stm32f1xx_it.o(i.SVC_Handler)
    i.Scale_imp                              0x080027f0   Section        0  ad5933.o(i.Scale_imp)
    i.SetPointer                             0x080028ec   Section        0  ad5933.o(i.SetPointer)
    i.SysTick_Handler                        0x08002910   Section        0  stm32f1xx_it.o(i.SysTick_Handler)
    i.SystemClock_Config                     0x08002914   Section        0  main.o(i.SystemClock_Config)
    i.SystemInit                             0x08002976   Section        0  system_stm32f1xx.o(i.SystemInit)
    i.USBD_CDC_DataIn                        0x08002978   Section        0  usbd_cdc.o(i.USBD_CDC_DataIn)
    USBD_CDC_DataIn                          0x08002979   Thumb Code    70  usbd_cdc.o(i.USBD_CDC_DataIn)
    i.USBD_CDC_DataOut                       0x080029be   Section        0  usbd_cdc.o(i.USBD_CDC_DataOut)
    USBD_CDC_DataOut                         0x080029bf   Thumb Code    46  usbd_cdc.o(i.USBD_CDC_DataOut)
    i.USBD_CDC_DeInit                        0x080029ec   Section        0  usbd_cdc.o(i.USBD_CDC_DeInit)
    USBD_CDC_DeInit                          0x080029ed   Thumb Code    68  usbd_cdc.o(i.USBD_CDC_DeInit)
    i.USBD_CDC_EP0_RxReady                   0x08002a30   Section        0  usbd_cdc.o(i.USBD_CDC_EP0_RxReady)
    USBD_CDC_EP0_RxReady                     0x08002a31   Thumb Code    36  usbd_cdc.o(i.USBD_CDC_EP0_RxReady)
    i.USBD_CDC_GetDeviceQualifierDescriptor  0x08002a54   Section        0  usbd_cdc.o(i.USBD_CDC_GetDeviceQualifierDescriptor)
    i.USBD_CDC_GetFSCfgDesc                  0x08002a60   Section        0  usbd_cdc.o(i.USBD_CDC_GetFSCfgDesc)
    USBD_CDC_GetFSCfgDesc                    0x08002a61   Thumb Code     8  usbd_cdc.o(i.USBD_CDC_GetFSCfgDesc)
    i.USBD_CDC_GetHSCfgDesc                  0x08002a6c   Section        0  usbd_cdc.o(i.USBD_CDC_GetHSCfgDesc)
    USBD_CDC_GetHSCfgDesc                    0x08002a6d   Thumb Code     8  usbd_cdc.o(i.USBD_CDC_GetHSCfgDesc)
    i.USBD_CDC_GetOtherSpeedCfgDesc          0x08002a78   Section        0  usbd_cdc.o(i.USBD_CDC_GetOtherSpeedCfgDesc)
    USBD_CDC_GetOtherSpeedCfgDesc            0x08002a79   Thumb Code     8  usbd_cdc.o(i.USBD_CDC_GetOtherSpeedCfgDesc)
    i.USBD_CDC_Init                          0x08002a84   Section        0  usbd_cdc.o(i.USBD_CDC_Init)
    USBD_CDC_Init                            0x08002a85   Thumb Code   148  usbd_cdc.o(i.USBD_CDC_Init)
    i.USBD_CDC_ReceivePacket                 0x08002b18   Section        0  usbd_cdc.o(i.USBD_CDC_ReceivePacket)
    i.USBD_CDC_RegisterInterface             0x08002b40   Section        0  usbd_cdc.o(i.USBD_CDC_RegisterInterface)
    i.USBD_CDC_SetRxBuffer                   0x08002b50   Section        0  usbd_cdc.o(i.USBD_CDC_SetRxBuffer)
    i.USBD_CDC_SetTxBuffer                   0x08002b5c   Section        0  usbd_cdc.o(i.USBD_CDC_SetTxBuffer)
    i.USBD_CDC_Setup                         0x08002b6c   Section        0  usbd_cdc.o(i.USBD_CDC_Setup)
    USBD_CDC_Setup                           0x08002b6d   Thumb Code   172  usbd_cdc.o(i.USBD_CDC_Setup)
    i.USBD_CDC_TransmitPacket                0x08002c18   Section        0  usbd_cdc.o(i.USBD_CDC_TransmitPacket)
    i.USBD_ClrClassConfig                    0x08002c4e   Section        0  usbd_core.o(i.USBD_ClrClassConfig)
    i.USBD_CtlContinueRx                     0x08002c5c   Section        0  usbd_ioreq.o(i.USBD_CtlContinueRx)
    i.USBD_CtlContinueSendData               0x08002c6c   Section        0  usbd_ioreq.o(i.USBD_CtlContinueSendData)
    i.USBD_CtlError                          0x08002c7c   Section        0  usbd_ctlreq.o(i.USBD_CtlError)
    i.USBD_CtlPrepareRx                      0x08002c92   Section        0  usbd_ioreq.o(i.USBD_CtlPrepareRx)
    i.USBD_CtlReceiveStatus                  0x08002cb0   Section        0  usbd_ioreq.o(i.USBD_CtlReceiveStatus)
    i.USBD_CtlSendData                       0x08002cc6   Section        0  usbd_ioreq.o(i.USBD_CtlSendData)
    i.USBD_CtlSendStatus                     0x08002ce0   Section        0  usbd_ioreq.o(i.USBD_CtlSendStatus)
    i.USBD_FS_ConfigStrDescriptor            0x08002cf8   Section        0  usbd_desc.o(i.USBD_FS_ConfigStrDescriptor)
    i.USBD_FS_DeviceDescriptor               0x08002d18   Section        0  usbd_desc.o(i.USBD_FS_DeviceDescriptor)
    i.USBD_FS_InterfaceStrDescriptor         0x08002d24   Section        0  usbd_desc.o(i.USBD_FS_InterfaceStrDescriptor)
    i.USBD_FS_LangIDStrDescriptor            0x08002d48   Section        0  usbd_desc.o(i.USBD_FS_LangIDStrDescriptor)
    i.USBD_FS_ManufacturerStrDescriptor      0x08002d54   Section        0  usbd_desc.o(i.USBD_FS_ManufacturerStrDescriptor)
    i.USBD_FS_ProductStrDescriptor           0x08002d7c   Section        0  usbd_desc.o(i.USBD_FS_ProductStrDescriptor)
    i.USBD_FS_SerialStrDescriptor            0x08002da0   Section        0  usbd_desc.o(i.USBD_FS_SerialStrDescriptor)
    i.USBD_GetDescriptor                     0x08002dd8   Section        0  usbd_ctlreq.o(i.USBD_GetDescriptor)
    USBD_GetDescriptor                       0x08002dd9   Thumb Code   232  usbd_ctlreq.o(i.USBD_GetDescriptor)
    i.USBD_GetString                         0x08002ec0   Section        0  usbd_ctlreq.o(i.USBD_GetString)
    i.USBD_Get_USB_Status                    0x08002f08   Section        0  usbd_conf.o(i.USBD_Get_USB_Status)
    USBD_Get_USB_Status                      0x08002f09   Thumb Code    24  usbd_conf.o(i.USBD_Get_USB_Status)
    i.USBD_Init                              0x08002f20   Section        0  usbd_core.o(i.USBD_Init)
    i.USBD_LL_ClearStallEP                   0x08002f4a   Section        0  usbd_conf.o(i.USBD_LL_ClearStallEP)
    i.USBD_LL_CloseEP                        0x08002f5c   Section        0  usbd_conf.o(i.USBD_LL_CloseEP)
    i.USBD_LL_DataInStage                    0x08002f6e   Section        0  usbd_core.o(i.USBD_LL_DataInStage)
    i.USBD_LL_DataOutStage                   0x08003034   Section        0  usbd_core.o(i.USBD_LL_DataOutStage)
    i.USBD_LL_GetRxDataSize                  0x080030b6   Section        0  usbd_conf.o(i.USBD_LL_GetRxDataSize)
    i.USBD_LL_Init                           0x080030c0   Section        0  usbd_conf.o(i.USBD_LL_Init)
    i.USBD_LL_IsStallEP                      0x08003140   Section        0  usbd_conf.o(i.USBD_LL_IsStallEP)
    i.USBD_LL_OpenEP                         0x08003160   Section        0  usbd_conf.o(i.USBD_LL_OpenEP)
    i.USBD_LL_PrepareReceive                 0x08003178   Section        0  usbd_conf.o(i.USBD_LL_PrepareReceive)
    i.USBD_LL_Reset                          0x0800318a   Section        0  usbd_core.o(i.USBD_LL_Reset)
    i.USBD_LL_Resume                         0x080031da   Section        0  usbd_core.o(i.USBD_LL_Resume)
    i.USBD_LL_SOF                            0x080031ee   Section        0  usbd_core.o(i.USBD_LL_SOF)
    i.USBD_LL_SetSpeed                       0x08003206   Section        0  usbd_core.o(i.USBD_LL_SetSpeed)
    i.USBD_LL_SetUSBAddress                  0x0800320c   Section        0  usbd_conf.o(i.USBD_LL_SetUSBAddress)
    i.USBD_LL_SetupStage                     0x0800321e   Section        0  usbd_core.o(i.USBD_LL_SetupStage)
    i.USBD_LL_StallEP                        0x08003278   Section        0  usbd_conf.o(i.USBD_LL_StallEP)
    i.USBD_LL_Start                          0x0800328a   Section        0  usbd_conf.o(i.USBD_LL_Start)
    i.USBD_LL_Suspend                        0x0800329c   Section        0  usbd_core.o(i.USBD_LL_Suspend)
    i.USBD_LL_Transmit                       0x080032ae   Section        0  usbd_conf.o(i.USBD_LL_Transmit)
    i.USBD_ParseSetupRequest                 0x080032c0   Section        0  usbd_ctlreq.o(i.USBD_ParseSetupRequest)
    i.USBD_RegisterClass                     0x080032e8   Section        0  usbd_core.o(i.USBD_RegisterClass)
    i.USBD_SetClassConfig                    0x080032f8   Section        0  usbd_core.o(i.USBD_SetClassConfig)
    i.USBD_SetConfig                         0x08003310   Section        0  usbd_ctlreq.o(i.USBD_SetConfig)
    USBD_SetConfig                           0x08003311   Thumb Code   128  usbd_ctlreq.o(i.USBD_SetConfig)
    i.USBD_Start                             0x08003394   Section        0  usbd_core.o(i.USBD_Start)
    i.USBD_StdDevReq                         0x0800339e   Section        0  usbd_ctlreq.o(i.USBD_StdDevReq)
    i.USBD_StdEPReq                          0x080034b0   Section        0  usbd_ctlreq.o(i.USBD_StdEPReq)
    i.USBD_StdItfReq                         0x08003600   Section        0  usbd_ctlreq.o(i.USBD_StdItfReq)
    i.USBD_static_free                       0x0800364e   Section        0  usbd_conf.o(i.USBD_static_free)
    i.USBD_static_malloc                     0x08003650   Section        0  usbd_conf.o(i.USBD_static_malloc)
    i.USB_ActivateEndpoint                   0x08003658   Section        0  stm32f1xx_ll_usb.o(i.USB_ActivateEndpoint)
    i.USB_CoreInit                           0x080038b0   Section        0  stm32f1xx_ll_usb.o(i.USB_CoreInit)
    i.USB_DeactivateEndpoint                 0x080038b4   Section        0  stm32f1xx_ll_usb.o(i.USB_DeactivateEndpoint)
    i.USB_DevConnect                         0x080039c2   Section        0  stm32f1xx_ll_usb.o(i.USB_DevConnect)
    i.USB_DevDisconnect                      0x080039c6   Section        0  stm32f1xx_ll_usb.o(i.USB_DevDisconnect)
    i.USB_DevInit                            0x080039ca   Section        0  stm32f1xx_ll_usb.o(i.USB_DevInit)
    i.USB_DisableGlobalInt                   0x080039dc   Section        0  stm32f1xx_ll_usb.o(i.USB_DisableGlobalInt)
    i.USB_EP0_OutStart                       0x080039ea   Section        0  stm32f1xx_ll_usb.o(i.USB_EP0_OutStart)
    i.USB_EPClearStall                       0x080039ee   Section        0  stm32f1xx_ll_usb.o(i.USB_EPClearStall)
    i.USB_EPSetStall                         0x08003a66   Section        0  stm32f1xx_ll_usb.o(i.USB_EPSetStall)
    i.USB_EPStartXfer                        0x08003a98   Section        0  stm32f1xx_ll_usb.o(i.USB_EPStartXfer)
    i.USB_EnableGlobalInt                    0x080040a4   Section        0  stm32f1xx_ll_usb.o(i.USB_EnableGlobalInt)
    i.USB_LP_CAN1_RX0_IRQHandler             0x080040b8   Section        0  stm32f1xx_it.o(i.USB_LP_CAN1_RX0_IRQHandler)
    i.USB_ReadInterrupts                     0x080040c4   Section        0  stm32f1xx_ll_usb.o(i.USB_ReadInterrupts)
    i.USB_ReadPMA                            0x080040cc   Section        0  stm32f1xx_ll_usb.o(i.USB_ReadPMA)
    i.USB_SetCurrentMode                     0x080040f8   Section        0  stm32f1xx_ll_usb.o(i.USB_SetCurrentMode)
    i.USB_SetDevAddress                      0x080040fc   Section        0  stm32f1xx_ll_usb.o(i.USB_SetDevAddress)
    i.USB_WritePMA                           0x08004108   Section        0  stm32f1xx_ll_usb.o(i.USB_WritePMA)
    i.UsageFault_Handler                     0x0800412e   Section        0  stm32f1xx_it.o(i.UsageFault_Handler)
    i.Write_Byte                             0x08004130   Section        0  ad5933.o(i.Write_Byte)
    i.__NVIC_SetPriority                     0x08004154   Section        0  stm32f1xx_hal_cortex.o(i.__NVIC_SetPriority)
    __NVIC_SetPriority                       0x08004155   Thumb Code    32  stm32f1xx_hal_cortex.o(i.__NVIC_SetPriority)
    i.__scatterload_copy                     0x08004174   Section       14  handlers.o(i.__scatterload_copy)
    i.__scatterload_null                     0x08004182   Section        2  handlers.o(i.__scatterload_null)
    i.__scatterload_zeroinit                 0x08004184   Section       14  handlers.o(i.__scatterload_zeroinit)
    i.main                                   0x08004194   Section        0  main.o(i.main)
    .constdata                               0x0800421c   Section       16  system_stm32f1xx.o(.constdata)
    .constdata                               0x0800422c   Section        8  system_stm32f1xx.o(.constdata)
    .data                                    0x20000000   Section        4  ad5933.o(.data)
    .data                                    0x20000004   Section       12  main.o(.data)
    .data                                    0x20000010   Section        4  main.o(.data)
    .data                                    0x20000014   Section       12  stm32f1xx_hal.o(.data)
    .data                                    0x20000020   Section        4  system_stm32f1xx.o(.data)
    .data                                    0x20000024   Section       28  usbd_desc.o(.data)
    .data                                    0x20000040   Section       50  usbd_desc.o(.data)
    .data                                    0x20000074   Section       16  usbd_cdc_if.o(.data)
    .data                                    0x20000084   Section        1  usbd_ctlreq.o(.data)
    cfgidx                                   0x20000084   Data           1  usbd_ctlreq.o(.data)
    .data                                    0x20000088   Section      215  usbd_cdc.o(.data)
    USBD_CDC_DeviceQualifierDesc             0x20000088   Data          10  usbd_cdc.o(.data)
    .data                                    0x20000160   Section       56  usbd_cdc.o(.data)
    .bss                                     0x20000198   Section       24  ad5933.o(.bss)
    .bss                                     0x200001b0   Section      200  main.o(.bss)
    .bss                                     0x20000278   Section       84  i2c.o(.bss)
    .bss                                     0x200002cc   Section      708  usb_device.o(.bss)
    .bss                                     0x20000590   Section      512  usbd_desc.o(.bss)
    .bss                                     0x20000790   Section       40  usbd_cdc_if.o(.bss)
    .bss                                     0x200007b8   Section     1292  usbd_conf.o(.bss)
    mem                                      0x200007b8   Data         544  usbd_conf.o(.bss)
    STACK                                    0x20000cc8   Section     4096  startup_stm32f103xe.o(STACK)

    Global Symbols

    Symbol Name                              Value     Ov Type        Size  Object(Section)

    BuildAttributes$$THM_ISAv4$P$D$K$B$S$PE$A:L22UL41UL21$X:L11$S22US41US21$IEEE1$IW$USESV6$~STKCKD$USESV7$~SHL$OTIME$ROPI$EBA8$MICROLIB$REQ8$PRES8$EABIv2 0x00000000   Number         0  anon$$obj.o ABSOLUTE
    __ARM_use_no_argv                        0x00000000   Number         0  main.o ABSOLUTE
    __arm_fini_                               - Undefined Weak Reference
    __cpp_initialize__aeabi_                  - Undefined Weak Reference
    __cxa_finalize                            - Undefined Weak Reference
    _clock_init                               - Undefined Weak Reference
    _microlib_exit                            - Undefined Weak Reference
    __Vectors_Size                           0x00000130   Number         0  startup_stm32f103xe.o ABSOLUTE
    __Vectors                                0x08000000   Data           4  startup_stm32f103xe.o(RESET)
    __Vectors_End                            0x08000130   Data           0  startup_stm32f103xe.o(RESET)
    __main                                   0x08000131   Thumb Code     0  entry.o(.ARM.Collect$$$$00000000)
    _main_stk                                0x08000131   Thumb Code     0  entry2.o(.ARM.Collect$$$$00000001)
    _main_scatterload                        0x08000135   Thumb Code     0  entry5.o(.ARM.Collect$$$$00000004)
    __main_after_scatterload                 0x08000139   Thumb Code     0  entry5.o(.ARM.Collect$$$$00000004)
    _main_clock                              0x08000139   Thumb Code     0  entry7b.o(.ARM.Collect$$$$00000008)
    _main_cpp_init                           0x08000139   Thumb Code     0  entry8b.o(.ARM.Collect$$$$0000000A)
    _main_init                               0x08000139   Thumb Code     0  entry9a.o(.ARM.Collect$$$$0000000B)
    __rt_lib_shutdown_fini                   0x08000141   Thumb Code     0  entry12b.o(.ARM.Collect$$$$0000000E)
    __rt_final_cpp                           0x08000145   Thumb Code     0  entry10a.o(.ARM.Collect$$$$0000000F)
    __rt_final_exit                          0x08000145   Thumb Code     0  entry11a.o(.ARM.Collect$$$$00000011)
    Reset_Handler                            0x08000149   Thumb Code     8  startup_stm32f103xe.o(.text)
    ADC1_2_IRQHandler                        0x08000163   Thumb Code     0  startup_stm32f103xe.o(.text)
    ADC3_IRQHandler                          0x08000163   Thumb Code     0  startup_stm32f103xe.o(.text)
    CAN1_RX1_IRQHandler                      0x08000163   Thumb Code     0  startup_stm32f103xe.o(.text)
    CAN1_SCE_IRQHandler                      0x08000163   Thumb Code     0  startup_stm32f103xe.o(.text)
    DMA1_Channel1_IRQHandler                 0x08000163   Thumb Code     0  startup_stm32f103xe.o(.text)
    DMA1_Channel2_IRQHandler                 0x08000163   Thumb Code     0  startup_stm32f103xe.o(.text)
    DMA1_Channel3_IRQHandler                 0x08000163   Thumb Code     0  startup_stm32f103xe.o(.text)
    DMA1_Channel4_IRQHandler                 0x08000163   Thumb Code     0  startup_stm32f103xe.o(.text)
    DMA1_Channel5_IRQHandler                 0x08000163   Thumb Code     0  startup_stm32f103xe.o(.text)
    DMA1_Channel6_IRQHandler                 0x08000163   Thumb Code     0  startup_stm32f103xe.o(.text)
    DMA1_Channel7_IRQHandler                 0x08000163   Thumb Code     0  startup_stm32f103xe.o(.text)
    DMA2_Channel1_IRQHandler                 0x08000163   Thumb Code     0  startup_stm32f103xe.o(.text)
    DMA2_Channel2_IRQHandler                 0x08000163   Thumb Code     0  startup_stm32f103xe.o(.text)
    DMA2_Channel3_IRQHandler                 0x08000163   Thumb Code     0  startup_stm32f103xe.o(.text)
    DMA2_Channel4_5_IRQHandler               0x08000163   Thumb Code     0  startup_stm32f103xe.o(.text)
    EXTI0_IRQHandler                         0x08000163   Thumb Code     0  startup_stm32f103xe.o(.text)
    EXTI15_10_IRQHandler                     0x08000163   Thumb Code     0  startup_stm32f103xe.o(.text)
    EXTI1_IRQHandler                         0x08000163   Thumb Code     0  startup_stm32f103xe.o(.text)
    EXTI2_IRQHandler                         0x08000163   Thumb Code     0  startup_stm32f103xe.o(.text)
    EXTI3_IRQHandler                         0x08000163   Thumb Code     0  startup_stm32f103xe.o(.text)
    EXTI4_IRQHandler                         0x08000163   Thumb Code     0  startup_stm32f103xe.o(.text)
    EXTI9_5_IRQHandler                       0x08000163   Thumb Code     0  startup_stm32f103xe.o(.text)
    FLASH_IRQHandler                         0x08000163   Thumb Code     0  startup_stm32f103xe.o(.text)
    FSMC_IRQHandler                          0x08000163   Thumb Code     0  startup_stm32f103xe.o(.text)
    I2C1_ER_IRQHandler                       0x08000163   Thumb Code     0  startup_stm32f103xe.o(.text)
    I2C1_EV_IRQHandler                       0x08000163   Thumb Code     0  startup_stm32f103xe.o(.text)
    I2C2_ER_IRQHandler                       0x08000163   Thumb Code     0  startup_stm32f103xe.o(.text)
    I2C2_EV_IRQHandler                       0x08000163   Thumb Code     0  startup_stm32f103xe.o(.text)
    PVD_IRQHandler                           0x08000163   Thumb Code     0  startup_stm32f103xe.o(.text)
    RCC_IRQHandler                           0x08000163   Thumb Code     0  startup_stm32f103xe.o(.text)
    RTC_Alarm_IRQHandler                     0x08000163   Thumb Code     0  startup_stm32f103xe.o(.text)
    RTC_IRQHandler                           0x08000163   Thumb Code     0  startup_stm32f103xe.o(.text)
    SDIO_IRQHandler                          0x08000163   Thumb Code     0  startup_stm32f103xe.o(.text)
    SPI1_IRQHandler                          0x08000163   Thumb Code     0  startup_stm32f103xe.o(.text)
    SPI2_IRQHandler                          0x08000163   Thumb Code     0  startup_stm32f103xe.o(.text)
    SPI3_IRQHandler                          0x08000163   Thumb Code     0  startup_stm32f103xe.o(.text)
    TAMPER_IRQHandler                        0x08000163   Thumb Code     0  startup_stm32f103xe.o(.text)
    TIM1_BRK_IRQHandler                      0x08000163   Thumb Code     0  startup_stm32f103xe.o(.text)
    TIM1_CC_IRQHandler                       0x08000163   Thumb Code     0  startup_stm32f103xe.o(.text)
    TIM1_TRG_COM_IRQHandler                  0x08000163   Thumb Code     0  startup_stm32f103xe.o(.text)
    TIM1_UP_IRQHandler                       0x08000163   Thumb Code     0  startup_stm32f103xe.o(.text)
    TIM2_IRQHandler                          0x08000163   Thumb Code     0  startup_stm32f103xe.o(.text)
    TIM3_IRQHandler                          0x08000163   Thumb Code     0  startup_stm32f103xe.o(.text)
    TIM4_IRQHandler                          0x08000163   Thumb Code     0  startup_stm32f103xe.o(.text)
    TIM5_IRQHandler                          0x08000163   Thumb Code     0  startup_stm32f103xe.o(.text)
    TIM6_IRQHandler                          0x08000163   Thumb Code     0  startup_stm32f103xe.o(.text)
    TIM7_IRQHandler                          0x08000163   Thumb Code     0  startup_stm32f103xe.o(.text)
    TIM8_BRK_IRQHandler                      0x08000163   Thumb Code     0  startup_stm32f103xe.o(.text)
    TIM8_CC_IRQHandler                       0x08000163   Thumb Code     0  startup_stm32f103xe.o(.text)
    TIM8_TRG_COM_IRQHandler                  0x08000163   Thumb Code     0  startup_stm32f103xe.o(.text)
    TIM8_UP_IRQHandler                       0x08000163   Thumb Code     0  startup_stm32f103xe.o(.text)
    UART4_IRQHandler                         0x08000163   Thumb Code     0  startup_stm32f103xe.o(.text)
    UART5_IRQHandler                         0x08000163   Thumb Code     0  startup_stm32f103xe.o(.text)
    USART1_IRQHandler                        0x08000163   Thumb Code     0  startup_stm32f103xe.o(.text)
    USART2_IRQHandler                        0x08000163   Thumb Code     0  startup_stm32f103xe.o(.text)
    USART3_IRQHandler                        0x08000163   Thumb Code     0  startup_stm32f103xe.o(.text)
    USBWakeUp_IRQHandler                     0x08000163   Thumb Code     0  startup_stm32f103xe.o(.text)
    USB_HP_CAN1_TX_IRQHandler                0x08000163   Thumb Code     0  startup_stm32f103xe.o(.text)
    WWDG_IRQHandler                          0x08000163   Thumb Code     0  startup_stm32f103xe.o(.text)
    __aeabi_llsr                             0x0800016d   Thumb Code    32  llushr.o(.text)
    _ll_ushift_r                             0x0800016d   Thumb Code     0  llushr.o(.text)
    __aeabi_memcpy                           0x0800018d   Thumb Code    36  memcpya.o(.text)
    __aeabi_memcpy4                          0x0800018d   Thumb Code     0  memcpya.o(.text)
    __aeabi_memcpy8                          0x0800018d   Thumb Code     0  memcpya.o(.text)
    __aeabi_memset                           0x080001b1   Thumb Code    14  memseta.o(.text)
    __aeabi_memset4                          0x080001b1   Thumb Code     0  memseta.o(.text)
    __aeabi_memset8                          0x080001b1   Thumb Code     0  memseta.o(.text)
    __aeabi_memclr                           0x080001bf   Thumb Code     4  memseta.o(.text)
    __aeabi_memclr4                          0x080001bf   Thumb Code     0  memseta.o(.text)
    __aeabi_memclr8                          0x080001bf   Thumb Code     0  memseta.o(.text)
    _memset$wrapper                          0x080001c3   Thumb Code    18  memseta.o(.text)
    __aeabi_dmul                             0x080001d5   Thumb Code   228  dmul.o(.text)
    __aeabi_ui2f                             0x080002b9   Thumb Code    10  ffltui.o(.text)
    __aeabi_d2uiz                            0x080002c3   Thumb Code    50  dfixui.o(.text)
    __aeabi_f2d                              0x080002f5   Thumb Code    38  f2d.o(.text)
    __I$use$fp                               0x0800031b   Thumb Code     0  iusefp.o(.text)
    _float_round                             0x0800031b   Thumb Code    18  fepilogue.o(.text)
    _float_epilogue                          0x0800032d   Thumb Code    92  fepilogue.o(.text)
    _double_round                            0x08000389   Thumb Code    30  depilogue.o(.text)
    _double_epilogue                         0x080003a7   Thumb Code   156  depilogue.o(.text)
    __scatterload                            0x08000445   Thumb Code    28  init.o(.text)
    __scatterload_rt2                        0x08000445   Thumb Code     0  init.o(.text)
    __aeabi_llsl                             0x08000469   Thumb Code    30  llshl.o(.text)
    _ll_shift_l                              0x08000469   Thumb Code     0  llshl.o(.text)
    __decompress                             0x08000487   Thumb Code     0  __dczerorl2.o(.text)
    __decompress1                            0x08000487   Thumb Code    86  __dczerorl2.o(.text)
    AD5933_Sweep                             0x080004dd   Thumb Code    72  ad5933.o(i.AD5933_Sweep)
    AD5933_Tempter                           0x08000525   Thumb Code    36  ad5933.o(i.AD5933_Tempter)
    BusFault_Handler                         0x08000549   Thumb Code     2  stm32f1xx_it.o(i.BusFault_Handler)
    CDC_Transmit_FS                          0x080005dd   Thumb Code    38  usbd_cdc_if.o(i.CDC_Transmit_FS)
    DebugMon_Handler                         0x08000609   Thumb Code     2  stm32f1xx_it.o(i.DebugMon_Handler)
    Error_Handler                            0x0800060b   Thumb Code     2  main.o(i.Error_Handler)
    Fre_To_Hex                               0x0800060d   Thumb Code    32  ad5933.o(i.Fre_To_Hex)
    HAL_Delay                                0x08000635   Thumb Code    32  stm32f1xx_hal.o(i.HAL_Delay)
    HAL_GPIO_Init                            0x08000659   Thumb Code   462  stm32f1xx_hal_gpio.o(i.HAL_GPIO_Init)
    HAL_GPIO_TogglePin                       0x08000851   Thumb Code    16  stm32f1xx_hal_gpio.o(i.HAL_GPIO_TogglePin)
    HAL_GPIO_WritePin                        0x08000861   Thumb Code    10  stm32f1xx_hal_gpio.o(i.HAL_GPIO_WritePin)
    HAL_GetTick                              0x0800086d   Thumb Code     6  stm32f1xx_hal.o(i.HAL_GetTick)
    HAL_I2C_Init                             0x08000879   Thumb Code   376  stm32f1xx_hal_i2c.o(i.HAL_I2C_Init)
    HAL_I2C_Master_Receive                   0x08000a01   Thumb Code   564  stm32f1xx_hal_i2c.o(i.HAL_I2C_Master_Receive)
    HAL_I2C_Master_Transmit                  0x08000c45   Thumb Code   290  stm32f1xx_hal_i2c.o(i.HAL_I2C_Master_Transmit)
    HAL_I2C_MspInit                          0x08000d71   Thumb Code    82  i2c.o(i.HAL_I2C_MspInit)
    HAL_IncTick                              0x08000dd1   Thumb Code    12  stm32f1xx_hal.o(i.HAL_IncTick)
    HAL_Init                                 0x08000de1   Thumb Code    32  stm32f1xx_hal.o(i.HAL_Init)
    HAL_InitTick                             0x08000e05   Thumb Code    54  stm32f1xx_hal.o(i.HAL_InitTick)
    HAL_MspInit                              0x08000e45   Thumb Code    52  stm32f1xx_hal_msp.o(i.HAL_MspInit)
    HAL_NVIC_EnableIRQ                       0x08000e81   Thumb Code    26  stm32f1xx_hal_cortex.o(i.HAL_NVIC_EnableIRQ)
    HAL_NVIC_SetPriority                     0x08000e9d   Thumb Code    60  stm32f1xx_hal_cortex.o(i.HAL_NVIC_SetPriority)
    HAL_NVIC_SetPriorityGrouping             0x08000edd   Thumb Code    26  stm32f1xx_hal_cortex.o(i.HAL_NVIC_SetPriorityGrouping)
    HAL_PCDEx_PMAConfig                      0x08000f01   Thumb Code    60  stm32f1xx_hal_pcd_ex.o(i.HAL_PCDEx_PMAConfig)
    HAL_PCDEx_SetConnectionState             0x08000f3d   Thumb Code     2  usbd_conf.o(i.HAL_PCDEx_SetConnectionState)
    HAL_PCD_DataInStageCallback              0x08000f3f   Thumb Code    18  usbd_conf.o(i.HAL_PCD_DataInStageCallback)
    HAL_PCD_DataOutStageCallback             0x08000f51   Thumb Code    20  usbd_conf.o(i.HAL_PCD_DataOutStageCallback)
    HAL_PCD_EP_Close                         0x08000f65   Thumb Code    76  stm32f1xx_hal_pcd.o(i.HAL_PCD_EP_Close)
    HAL_PCD_EP_ClrStall                      0x08000fb1   Thumb Code    92  stm32f1xx_hal_pcd.o(i.HAL_PCD_EP_ClrStall)
    HAL_PCD_EP_GetRxCount                    0x08001423   Thumb Code    18  stm32f1xx_hal_pcd.o(i.HAL_PCD_EP_GetRxCount)
    HAL_PCD_EP_Open                          0x08001435   Thumb Code    96  stm32f1xx_hal_pcd.o(i.HAL_PCD_EP_Open)
    HAL_PCD_EP_Receive                       0x08001495   Thumb Code    50  stm32f1xx_hal_pcd.o(i.HAL_PCD_EP_Receive)
    HAL_PCD_EP_SetStall                      0x080014c7   Thumb Code   114  stm32f1xx_hal_pcd.o(i.HAL_PCD_EP_SetStall)
    HAL_PCD_EP_Transmit                      0x08001539   Thumb Code    52  stm32f1xx_hal_pcd.o(i.HAL_PCD_EP_Transmit)
    HAL_PCD_IRQHandler                       0x0800156d   Thumb Code   340  stm32f1xx_hal_pcd.o(i.HAL_PCD_IRQHandler)
    HAL_PCD_Init                             0x080016c1   Thumb Code   218  stm32f1xx_hal_pcd.o(i.HAL_PCD_Init)
    HAL_PCD_MspInit                          0x0800179d   Thumb Code    50  usbd_conf.o(i.HAL_PCD_MspInit)
    HAL_PCD_ResetCallback                    0x080017d9   Thumb Code    38  usbd_conf.o(i.HAL_PCD_ResetCallback)
    HAL_PCD_ResumeCallback                   0x080017ff   Thumb Code     8  usbd_conf.o(i.HAL_PCD_ResumeCallback)
    HAL_PCD_SOFCallback                      0x08001807   Thumb Code     8  usbd_conf.o(i.HAL_PCD_SOFCallback)
    HAL_PCD_SetAddress                       0x0800180f   Thumb Code    40  stm32f1xx_hal_pcd.o(i.HAL_PCD_SetAddress)
    HAL_PCD_SetupStageCallback               0x08001837   Thumb Code    14  usbd_conf.o(i.HAL_PCD_SetupStageCallback)
    HAL_PCD_Start                            0x08001845   Thumb Code    50  stm32f1xx_hal_pcd.o(i.HAL_PCD_Start)
    HAL_PCD_SuspendCallback                  0x08001879   Thumb Code    30  usbd_conf.o(i.HAL_PCD_SuspendCallback)
    HAL_RCCEx_PeriphCLKConfig                0x0800189d   Thumb Code   224  stm32f1xx_hal_rcc_ex.o(i.HAL_RCCEx_PeriphCLKConfig)
    HAL_RCC_ClockConfig                      0x08001989   Thumb Code   280  stm32f1xx_hal_rcc.o(i.HAL_RCC_ClockConfig)
    HAL_RCC_GetPCLK1Freq                     0x08001ab5   Thumb Code    20  stm32f1xx_hal_rcc.o(i.HAL_RCC_GetPCLK1Freq)
    HAL_RCC_GetSysClockFreq                  0x08001ad5   Thumb Code    74  stm32f1xx_hal_rcc.o(i.HAL_RCC_GetSysClockFreq)
    HAL_RCC_OscConfig                        0x08001b41   Thumb Code   778  stm32f1xx_hal_rcc.o(i.HAL_RCC_OscConfig)
    HAL_SYSTICK_Config                       0x08001e61   Thumb Code    40  stm32f1xx_hal_cortex.o(i.HAL_SYSTICK_Config)
    HardFault_Handler                        0x08001e89   Thumb Code     2  stm32f1xx_it.o(i.HardFault_Handler)
    MX_GPIO_Init                             0x08002275   Thumb Code   104  gpio.o(i.MX_GPIO_Init)
    MX_I2C2_Init                             0x080022e5   Thumb Code    50  i2c.o(i.MX_I2C2_Init)
    MX_USB_DEVICE_Init                       0x08002325   Thumb Code    66  usb_device.o(i.MX_USB_DEVICE_Init)
    MemManage_Handler                        0x08002379   Thumb Code     2  stm32f1xx_it.o(i.MemManage_Handler)
    NMI_Handler                              0x0800237b   Thumb Code     2  stm32f1xx_it.o(i.NMI_Handler)
    PendSV_Handler                           0x08002691   Thumb Code     2  stm32f1xx_it.o(i.PendSV_Handler)
    RACWH_Recv                               0x08002695   Thumb Code    92  main.o(i.RACWH_Recv)
    RACWH_Trans                              0x080026f9   Thumb Code   194  main.o(i.RACWH_Trans)
    Rece_Byte                                0x080027c9   Thumb Code    32  ad5933.o(i.Rece_Byte)
    SVC_Handler                              0x080027ed   Thumb Code     2  stm32f1xx_it.o(i.SVC_Handler)
    Scale_imp                                0x080027f1   Thumb Code   242  ad5933.o(i.Scale_imp)
    SetPointer                               0x080028ed   Thumb Code    32  ad5933.o(i.SetPointer)
    SysTick_Handler                          0x08002911   Thumb Code     4  stm32f1xx_it.o(i.SysTick_Handler)
    SystemClock_Config                       0x08002915   Thumb Code    98  main.o(i.SystemClock_Config)
    SystemInit                               0x08002977   Thumb Code     2  system_stm32f1xx.o(i.SystemInit)
    USBD_CDC_GetDeviceQualifierDescriptor    0x08002a55   Thumb Code     8  usbd_cdc.o(i.USBD_CDC_GetDeviceQualifierDescriptor)
    USBD_CDC_ReceivePacket                   0x08002b19   Thumb Code    40  usbd_cdc.o(i.USBD_CDC_ReceivePacket)
    USBD_CDC_RegisterInterface               0x08002b41   Thumb Code    16  usbd_cdc.o(i.USBD_CDC_RegisterInterface)
    USBD_CDC_SetRxBuffer                     0x08002b51   Thumb Code    12  usbd_cdc.o(i.USBD_CDC_SetRxBuffer)
    USBD_CDC_SetTxBuffer                     0x08002b5d   Thumb Code    16  usbd_cdc.o(i.USBD_CDC_SetTxBuffer)
    USBD_CDC_TransmitPacket                  0x08002c19   Thumb Code    54  usbd_cdc.o(i.USBD_CDC_TransmitPacket)
    USBD_ClrClassConfig                      0x08002c4f   Thumb Code    14  usbd_core.o(i.USBD_ClrClassConfig)
    USBD_CtlContinueRx                       0x08002c5d   Thumb Code    16  usbd_ioreq.o(i.USBD_CtlContinueRx)
    USBD_CtlContinueSendData                 0x08002c6d   Thumb Code    16  usbd_ioreq.o(i.USBD_CtlContinueSendData)
    USBD_CtlError                            0x08002c7d   Thumb Code    22  usbd_ctlreq.o(i.USBD_CtlError)
    USBD_CtlPrepareRx                        0x08002c93   Thumb Code    30  usbd_ioreq.o(i.USBD_CtlPrepareRx)
    USBD_CtlReceiveStatus                    0x08002cb1   Thumb Code    22  usbd_ioreq.o(i.USBD_CtlReceiveStatus)
    USBD_CtlSendData                         0x08002cc7   Thumb Code    26  usbd_ioreq.o(i.USBD_CtlSendData)
    USBD_CtlSendStatus                       0x08002ce1   Thumb Code    22  usbd_ioreq.o(i.USBD_CtlSendStatus)
    USBD_FS_ConfigStrDescriptor              0x08002cf9   Thumb Code    16  usbd_desc.o(i.USBD_FS_ConfigStrDescriptor)
    USBD_FS_DeviceDescriptor                 0x08002d19   Thumb Code     8  usbd_desc.o(i.USBD_FS_DeviceDescriptor)
    USBD_FS_InterfaceStrDescriptor           0x08002d25   Thumb Code    16  usbd_desc.o(i.USBD_FS_InterfaceStrDescriptor)
    USBD_FS_LangIDStrDescriptor              0x08002d49   Thumb Code     8  usbd_desc.o(i.USBD_FS_LangIDStrDescriptor)
    USBD_FS_ManufacturerStrDescriptor        0x08002d55   Thumb Code    16  usbd_desc.o(i.USBD_FS_ManufacturerStrDescriptor)
    USBD_FS_ProductStrDescriptor             0x08002d7d   Thumb Code    16  usbd_desc.o(i.USBD_FS_ProductStrDescriptor)
    USBD_FS_SerialStrDescriptor              0x08002da1   Thumb Code    48  usbd_desc.o(i.USBD_FS_SerialStrDescriptor)
    USBD_GetString                           0x08002ec1   Thumb Code    72  usbd_ctlreq.o(i.USBD_GetString)
    USBD_Init                                0x08002f21   Thumb Code    42  usbd_core.o(i.USBD_Init)
    USBD_LL_ClearStallEP                     0x08002f4b   Thumb Code    18  usbd_conf.o(i.USBD_LL_ClearStallEP)
    USBD_LL_CloseEP                          0x08002f5d   Thumb Code    18  usbd_conf.o(i.USBD_LL_CloseEP)
    USBD_LL_DataInStage                      0x08002f6f   Thumb Code   198  usbd_core.o(i.USBD_LL_DataInStage)
    USBD_LL_DataOutStage                     0x08003035   Thumb Code   130  usbd_core.o(i.USBD_LL_DataOutStage)
    USBD_LL_GetRxDataSize                    0x080030b7   Thumb Code     8  usbd_conf.o(i.USBD_LL_GetRxDataSize)
    USBD_LL_Init                             0x080030c1   Thumb Code   118  usbd_conf.o(i.USBD_LL_Init)
    USBD_LL_IsStallEP                        0x08003141   Thumb Code    32  usbd_conf.o(i.USBD_LL_IsStallEP)
    USBD_LL_OpenEP                           0x08003161   Thumb Code    24  usbd_conf.o(i.USBD_LL_OpenEP)
    USBD_LL_PrepareReceive                   0x08003179   Thumb Code    18  usbd_conf.o(i.USBD_LL_PrepareReceive)
    USBD_LL_Reset                            0x0800318b   Thumb Code    80  usbd_core.o(i.USBD_LL_Reset)
    USBD_LL_Resume                           0x080031db   Thumb Code    20  usbd_core.o(i.USBD_LL_Resume)
    USBD_LL_SOF                              0x080031ef   Thumb Code    24  usbd_core.o(i.USBD_LL_SOF)
    USBD_LL_SetSpeed                         0x08003207   Thumb Code     6  usbd_core.o(i.USBD_LL_SetSpeed)
    USBD_LL_SetUSBAddress                    0x0800320d   Thumb Code    18  usbd_conf.o(i.USBD_LL_SetUSBAddress)
    USBD_LL_SetupStage                       0x0800321f   Thumb Code    90  usbd_core.o(i.USBD_LL_SetupStage)
    USBD_LL_StallEP                          0x08003279   Thumb Code    18  usbd_conf.o(i.USBD_LL_StallEP)
    USBD_LL_Start                            0x0800328b   Thumb Code    18  usbd_conf.o(i.USBD_LL_Start)
    USBD_LL_Suspend                          0x0800329d   Thumb Code    18  usbd_core.o(i.USBD_LL_Suspend)
    USBD_LL_Transmit                         0x080032af   Thumb Code    18  usbd_conf.o(i.USBD_LL_Transmit)
    USBD_ParseSetupRequest                   0x080032c1   Thumb Code    40  usbd_ctlreq.o(i.USBD_ParseSetupRequest)
    USBD_RegisterClass                       0x080032e9   Thumb Code    16  usbd_core.o(i.USBD_RegisterClass)
    USBD_SetClassConfig                      0x080032f9   Thumb Code    22  usbd_core.o(i.USBD_SetClassConfig)
    USBD_Start                               0x08003395   Thumb Code    10  usbd_core.o(i.USBD_Start)
    USBD_StdDevReq                           0x0800339f   Thumb Code   274  usbd_ctlreq.o(i.USBD_StdDevReq)
    USBD_StdEPReq                            0x080034b1   Thumb Code   336  usbd_ctlreq.o(i.USBD_StdEPReq)
    USBD_StdItfReq                           0x08003601   Thumb Code    78  usbd_ctlreq.o(i.USBD_StdItfReq)
    USBD_static_free                         0x0800364f   Thumb Code     2  usbd_conf.o(i.USBD_static_free)
    USBD_static_malloc                       0x08003651   Thumb Code     4  usbd_conf.o(i.USBD_static_malloc)
    USB_ActivateEndpoint                     0x08003659   Thumb Code   600  stm32f1xx_ll_usb.o(i.USB_ActivateEndpoint)
    USB_CoreInit                             0x080038b1   Thumb Code     4  stm32f1xx_ll_usb.o(i.USB_CoreInit)
    USB_DeactivateEndpoint                   0x080038b5   Thumb Code   270  stm32f1xx_ll_usb.o(i.USB_DeactivateEndpoint)
    USB_DevConnect                           0x080039c3   Thumb Code     4  stm32f1xx_ll_usb.o(i.USB_DevConnect)
    USB_DevDisconnect                        0x080039c7   Thumb Code     4  stm32f1xx_ll_usb.o(i.USB_DevDisconnect)
    USB_DevInit                              0x080039cb   Thumb Code    18  stm32f1xx_ll_usb.o(i.USB_DevInit)
    USB_DisableGlobalInt                     0x080039dd   Thumb Code    14  stm32f1xx_ll_usb.o(i.USB_DisableGlobalInt)
    USB_EP0_OutStart                         0x080039eb   Thumb Code     4  stm32f1xx_ll_usb.o(i.USB_EP0_OutStart)
    USB_EPClearStall                         0x080039ef   Thumb Code   120  stm32f1xx_ll_usb.o(i.USB_EPClearStall)
    USB_EPSetStall                           0x08003a67   Thumb Code    50  stm32f1xx_ll_usb.o(i.USB_EPSetStall)
    USB_EPStartXfer                          0x08003a99   Thumb Code  1548  stm32f1xx_ll_usb.o(i.USB_EPStartXfer)
    USB_EnableGlobalInt                      0x080040a5   Thumb Code    18  stm32f1xx_ll_usb.o(i.USB_EnableGlobalInt)
    USB_LP_CAN1_RX0_IRQHandler               0x080040b9   Thumb Code     6  stm32f1xx_it.o(i.USB_LP_CAN1_RX0_IRQHandler)
    USB_ReadInterrupts                       0x080040c5   Thumb Code     6  stm32f1xx_ll_usb.o(i.USB_ReadInterrupts)
    USB_ReadPMA                              0x080040cd   Thumb Code    44  stm32f1xx_ll_usb.o(i.USB_ReadPMA)
    USB_SetCurrentMode                       0x080040f9   Thumb Code     4  stm32f1xx_ll_usb.o(i.USB_SetCurrentMode)
    USB_SetDevAddress                        0x080040fd   Thumb Code    12  stm32f1xx_ll_usb.o(i.USB_SetDevAddress)
    USB_WritePMA                             0x08004109   Thumb Code    38  stm32f1xx_ll_usb.o(i.USB_WritePMA)
    UsageFault_Handler                       0x0800412f   Thumb Code     2  stm32f1xx_it.o(i.UsageFault_Handler)
    Write_Byte                               0x08004131   Thumb Code    32  ad5933.o(i.Write_Byte)
    __scatterload_copy                       0x08004175   Thumb Code    14  handlers.o(i.__scatterload_copy)
    __scatterload_null                       0x08004183   Thumb Code     2  handlers.o(i.__scatterload_null)
    __scatterload_zeroinit                   0x08004185   Thumb Code    14  handlers.o(i.__scatterload_zeroinit)
    main                                     0x08004195   Thumb Code   118  main.o(i.main)
    AHBPrescTable                            0x0800421c   Data          16  system_stm32f1xx.o(.constdata)
    APBPrescTable                            0x0800422c   Data           8  system_stm32f1xx.o(.constdata)
    Region$$Table$$Base                      0x08004234   Number         0  anon$$obj.o(Region$$Table)
    Region$$Table$$Limit                     0x08004254   Number         0  anon$$obj.o(Region$$Table)
    ReadTemp                                 0x20000000   Data           4  ad5933.o(.data)
    getDataFlag                              0x20000004   Data           1  main.o(.data)
    OutputVoltage                            0x20000006   Data           2  main.o(.data)
    Gain                                     0x20000008   Data           2  main.o(.data)
    Frequency                                0x2000000c   Data           4  main.o(.data)
    dataNum                                  0x20000010   Data           4  main.o(.data)
    uwTickFreq                               0x20000014   Data           1  stm32f1xx_hal.o(.data)
    uwTickPrio                               0x20000018   Data           4  stm32f1xx_hal.o(.data)
    uwTick                                   0x2000001c   Data           4  stm32f1xx_hal.o(.data)
    SystemCoreClock                          0x20000020   Data           4  system_stm32f1xx.o(.data)
    FS_Desc                                  0x20000024   Data          28  usbd_desc.o(.data)
    USBD_LangIDDesc                          0x20000040   Data           4  usbd_desc.o(.data)
    USBD_FS_DeviceDesc                       0x20000044   Data          18  usbd_desc.o(.data)
    USBD_StringSerial                        0x20000058   Data          26  usbd_desc.o(.data)
    USBD_Interface_fops_FS                   0x20000074   Data          16  usbd_cdc_if.o(.data)
    USBD_CDC_CfgHSDesc                       0x20000094   Data          67  usbd_cdc.o(.data)
    USBD_CDC_CfgFSDesc                       0x200000d8   Data          67  usbd_cdc.o(.data)
    USBD_CDC_OtherSpeedCfgDesc               0x2000011c   Data          67  usbd_cdc.o(.data)
    USBD_CDC                                 0x20000160   Data          56  usbd_cdc.o(.data)
    realArr                                  0x20000198   Data          12  ad5933.o(.bss)
    imageArr                                 0x200001a4   Data          12  ad5933.o(.bss)
    buf                                      0x200001b0   Data         200  main.o(.bss)
    hi2c2                                    0x20000278   Data          84  i2c.o(.bss)
    hUsbDeviceFS                             0x200002cc   Data         708  usb_device.o(.bss)
    USBD_StrDesc                             0x20000590   Data         512  usbd_desc.o(.bss)
    UserRxBufferFS                           0x20000790   Data          20  usbd_cdc_if.o(.bss)
    UserTxBufferFS                           0x200007a4   Data          20  usbd_cdc_if.o(.bss)
    hpcd_USB_FS                              0x200009d8   Data         748  usbd_conf.o(.bss)
    __initial_sp                             0x20001cc8   Data           0  startup_stm32f103xe.o(STACK)



==============================================================================

Memory Map of the image

  Image Entry point : 0x08000131

  Load Region LR_IROM1 (Base: 0x08000000, Size: 0x000043ec, Max: 0x00040000, ABSOLUTE, COMPRESSED[0x00004318])

    Execution Region ER_IROM1 (Exec base: 0x08000000, Load base: 0x08000000, Size: 0x00004254, Max: 0x00040000, ABSOLUTE)

    Exec Addr    Load Addr    Size         Type   Attr      Idx    E Section Name        Object

    0x08000000   0x08000000   0x00000130   Data   RO            3    RESET               startup_stm32f103xe.o
    0x08000130   0x08000130   0x00000000   Code   RO         3280  * .ARM.Collect$$$$00000000  mc_w.l(entry.o)
    0x08000130   0x08000130   0x00000004   Code   RO         3327    .ARM.Collect$$$$00000001  mc_w.l(entry2.o)
    0x08000134   0x08000134   0x00000004   Code   RO         3330    .ARM.Collect$$$$00000004  mc_w.l(entry5.o)
    0x08000138   0x08000138   0x00000000   Code   RO         3332    .ARM.Collect$$$$00000008  mc_w.l(entry7b.o)
    0x08000138   0x08000138   0x00000000   Code   RO         3334    .ARM.Collect$$$$0000000A  mc_w.l(entry8b.o)
    0x08000138   0x08000138   0x00000008   Code   RO         3335    .ARM.Collect$$$$0000000B  mc_w.l(entry9a.o)
    0x08000140   0x08000140   0x00000004   Code   RO         3342    .ARM.Collect$$$$0000000E  mc_w.l(entry12b.o)
    0x08000144   0x08000144   0x00000000   Code   RO         3337    .ARM.Collect$$$$0000000F  mc_w.l(entry10a.o)
    0x08000144   0x08000144   0x00000000   Code   RO         3339    .ARM.Collect$$$$00000011  mc_w.l(entry11a.o)
    0x08000144   0x08000144   0x00000004   Code   RO         3328    .ARM.Collect$$$$00002712  mc_w.l(entry2.o)
    0x08000148   0x08000148   0x00000024   Code   RO            4    .text               startup_stm32f103xe.o
    0x0800016c   0x0800016c   0x00000020   Code   RO         3283    .text               mc_w.l(llushr.o)
    0x0800018c   0x0800018c   0x00000024   Code   RO         3285    .text               mc_w.l(memcpya.o)
    0x080001b0   0x080001b0   0x00000024   Code   RO         3287    .text               mc_w.l(memseta.o)
    0x080001d4   0x080001d4   0x000000e4   Code   RO         3319    .text               mf_w.l(dmul.o)
    0x080002b8   0x080002b8   0x0000000a   Code   RO         3321    .text               mf_w.l(ffltui.o)
    0x080002c2   0x080002c2   0x00000032   Code   RO         3323    .text               mf_w.l(dfixui.o)
    0x080002f4   0x080002f4   0x00000026   Code   RO         3325    .text               mf_w.l(f2d.o)
    0x0800031a   0x0800031a   0x00000000   Code   RO         3350    .text               mc_w.l(iusefp.o)
    0x0800031a   0x0800031a   0x0000006e   Code   RO         3351    .text               mf_w.l(fepilogue.o)
    0x08000388   0x08000388   0x000000ba   Code   RO         3353    .text               mf_w.l(depilogue.o)
    0x08000442   0x08000442   0x00000002   PAD
    0x08000444   0x08000444   0x00000024   Code   RO         3363    .text               mc_w.l(init.o)
    0x08000468   0x08000468   0x0000001e   Code   RO         3366    .text               mc_w.l(llshl.o)
    0x08000486   0x08000486   0x00000056   Code   RO         3379    .text               mc_w.l(__dczerorl2.o)
    0x080004dc   0x080004dc   0x00000048   Code   RO           13    i.AD5933_Sweep      ad5933.o
    0x08000524   0x08000524   0x00000024   Code   RO           14    i.AD5933_Tempter    ad5933.o
    0x08000548   0x08000548   0x00000002   Code   RO          430    i.BusFault_Handler  stm32f1xx_it.o
    0x0800054a   0x0800054a   0x00000004   Code   RO         2634    i.CDC_Control_FS    usbd_cdc_if.o
    0x0800054e   0x0800054e   0x00000004   Code   RO         2635    i.CDC_DeInit_FS     usbd_cdc_if.o
    0x08000552   0x08000552   0x00000002   PAD
    0x08000554   0x08000554   0x00000024   Code   RO         2636    i.CDC_Init_FS       usbd_cdc_if.o
    0x08000578   0x08000578   0x00000064   Code   RO         2637    i.CDC_Receive_FS    usbd_cdc_if.o
    0x080005dc   0x080005dc   0x0000002c   Code   RO         2638    i.CDC_Transmit_FS   usbd_cdc_if.o
    0x08000608   0x08000608   0x00000002   Code   RO          431    i.DebugMon_Handler  stm32f1xx_it.o
    0x0800060a   0x0800060a   0x00000002   Code   RO          214    i.Error_Handler     main.o
    0x0800060c   0x0800060c   0x00000028   Code   RO           15    i.Fre_To_Hex        ad5933.o
    0x08000634   0x08000634   0x00000024   Code   RO         1032    i.HAL_Delay         stm32f1xx_hal.o
    0x08000658   0x08000658   0x000001f8   Code   RO         1340    i.HAL_GPIO_Init     stm32f1xx_hal_gpio.o
    0x08000850   0x08000850   0x00000010   Code   RO         1343    i.HAL_GPIO_TogglePin  stm32f1xx_hal_gpio.o
    0x08000860   0x08000860   0x0000000a   Code   RO         1344    i.HAL_GPIO_WritePin  stm32f1xx_hal_gpio.o
    0x0800086a   0x0800086a   0x00000002   PAD
    0x0800086c   0x0800086c   0x0000000c   Code   RO         1036    i.HAL_GetTick       stm32f1xx_hal.o
    0x08000878   0x08000878   0x00000188   Code   RO         2011    i.HAL_I2C_Init      stm32f1xx_hal_i2c.o
    0x08000a00   0x08000a00   0x00000244   Code   RO         2017    i.HAL_I2C_Master_Receive  stm32f1xx_hal_i2c.o
    0x08000c44   0x08000c44   0x0000012c   Code   RO         2024    i.HAL_I2C_Master_Transmit  stm32f1xx_hal_i2c.o
    0x08000d70   0x08000d70   0x00000060   Code   RO          389    i.HAL_I2C_MspInit   i2c.o
    0x08000dd0   0x08000dd0   0x00000010   Code   RO         1042    i.HAL_IncTick       stm32f1xx_hal.o
    0x08000de0   0x08000de0   0x00000024   Code   RO         1043    i.HAL_Init          stm32f1xx_hal.o
    0x08000e04   0x08000e04   0x00000040   Code   RO         1044    i.HAL_InitTick      stm32f1xx_hal.o
    0x08000e44   0x08000e44   0x0000003c   Code   RO          512    i.HAL_MspInit       stm32f1xx_hal_msp.o
    0x08000e80   0x08000e80   0x0000001a   Code   RO         1500    i.HAL_NVIC_EnableIRQ  stm32f1xx_hal_cortex.o
    0x08000e9a   0x08000e9a   0x00000002   PAD
    0x08000e9c   0x08000e9c   0x00000040   Code   RO         1506    i.HAL_NVIC_SetPriority  stm32f1xx_hal_cortex.o
    0x08000edc   0x08000edc   0x00000024   Code   RO         1507    i.HAL_NVIC_SetPriorityGrouping  stm32f1xx_hal_cortex.o
    0x08000f00   0x08000f00   0x0000003c   Code   RO          805    i.HAL_PCDEx_PMAConfig  stm32f1xx_hal_pcd_ex.o
    0x08000f3c   0x08000f3c   0x00000002   Code   RO         2698    i.HAL_PCDEx_SetConnectionState  usbd_conf.o
    0x08000f3e   0x08000f3e   0x00000012   Code   RO         2700    i.HAL_PCD_DataInStageCallback  usbd_conf.o
    0x08000f50   0x08000f50   0x00000014   Code   RO         2701    i.HAL_PCD_DataOutStageCallback  usbd_conf.o
    0x08000f64   0x08000f64   0x0000004c   Code   RO          581    i.HAL_PCD_EP_Close  stm32f1xx_hal_pcd.o
    0x08000fb0   0x08000fb0   0x0000005c   Code   RO          582    i.HAL_PCD_EP_ClrStall  stm32f1xx_hal_pcd.o
    0x0800100c   0x0800100c   0x000000e6   Code   RO          583    i.HAL_PCD_EP_DB_Receive  stm32f1xx_hal_pcd.o
    0x080010f2   0x080010f2   0x00000330   Code   RO          584    i.HAL_PCD_EP_DB_Transmit  stm32f1xx_hal_pcd.o
    0x08001422   0x08001422   0x00000012   Code   RO          586    i.HAL_PCD_EP_GetRxCount  stm32f1xx_hal_pcd.o
    0x08001434   0x08001434   0x00000060   Code   RO          587    i.HAL_PCD_EP_Open   stm32f1xx_hal_pcd.o
    0x08001494   0x08001494   0x00000032   Code   RO          588    i.HAL_PCD_EP_Receive  stm32f1xx_hal_pcd.o
    0x080014c6   0x080014c6   0x00000072   Code   RO          589    i.HAL_PCD_EP_SetStall  stm32f1xx_hal_pcd.o
    0x08001538   0x08001538   0x00000034   Code   RO          590    i.HAL_PCD_EP_Transmit  stm32f1xx_hal_pcd.o
    0x0800156c   0x0800156c   0x00000154   Code   RO          592    i.HAL_PCD_IRQHandler  stm32f1xx_hal_pcd.o
    0x080016c0   0x080016c0   0x000000da   Code   RO          595    i.HAL_PCD_Init      stm32f1xx_hal_pcd.o
    0x0800179a   0x0800179a   0x00000002   PAD
    0x0800179c   0x0800179c   0x0000003c   Code   RO         2706    i.HAL_PCD_MspInit   usbd_conf.o
    0x080017d8   0x080017d8   0x00000026   Code   RO         2707    i.HAL_PCD_ResetCallback  usbd_conf.o
    0x080017fe   0x080017fe   0x00000008   Code   RO         2708    i.HAL_PCD_ResumeCallback  usbd_conf.o
    0x08001806   0x08001806   0x00000008   Code   RO         2709    i.HAL_PCD_SOFCallback  usbd_conf.o
    0x0800180e   0x0800180e   0x00000028   Code   RO          601    i.HAL_PCD_SetAddress  stm32f1xx_hal_pcd.o
    0x08001836   0x08001836   0x0000000e   Code   RO         2710    i.HAL_PCD_SetupStageCallback  usbd_conf.o
    0x08001844   0x08001844   0x00000032   Code   RO          603    i.HAL_PCD_Start     stm32f1xx_hal_pcd.o
    0x08001876   0x08001876   0x00000002   PAD
    0x08001878   0x08001878   0x00000024   Code   RO         2711    i.HAL_PCD_SuspendCallback  usbd_conf.o
    0x0800189c   0x0800189c   0x000000ec   Code   RO         1303    i.HAL_RCCEx_PeriphCLKConfig  stm32f1xx_hal_rcc_ex.o
    0x08001988   0x08001988   0x0000012c   Code   RO         1200    i.HAL_RCC_ClockConfig  stm32f1xx_hal_rcc.o
    0x08001ab4   0x08001ab4   0x00000020   Code   RO         1207    i.HAL_RCC_GetPCLK1Freq  stm32f1xx_hal_rcc.o
    0x08001ad4   0x08001ad4   0x0000006c   Code   RO         1209    i.HAL_RCC_GetSysClockFreq  stm32f1xx_hal_rcc.o
    0x08001b40   0x08001b40   0x00000320   Code   RO         1212    i.HAL_RCC_OscConfig  stm32f1xx_hal_rcc.o
    0x08001e60   0x08001e60   0x00000028   Code   RO         1511    i.HAL_SYSTICK_Config  stm32f1xx_hal_cortex.o
    0x08001e88   0x08001e88   0x00000002   Code   RO          432    i.HardFault_Handler  stm32f1xx_it.o
    0x08001e8a   0x08001e8a   0x0000002e   Code   RO         2053    i.I2C_IsAcknowledgeFailed  stm32f1xx_hal_i2c.o
    0x08001eb8   0x08001eb8   0x000000ec   Code   RO         2056    i.I2C_MasterRequestRead  stm32f1xx_hal_i2c.o
    0x08001fa4   0x08001fa4   0x0000009c   Code   RO         2057    i.I2C_MasterRequestWrite  stm32f1xx_hal_i2c.o
    0x08002040   0x08002040   0x0000004c   Code   RO         2068    i.I2C_WaitOnBTFFlagUntilTimeout  stm32f1xx_hal_i2c.o
    0x0800208c   0x0800208c   0x00000068   Code   RO         2069    i.I2C_WaitOnFlagUntilTimeout  stm32f1xx_hal_i2c.o
    0x080020f4   0x080020f4   0x00000096   Code   RO         2070    i.I2C_WaitOnMasterAddressFlagUntilTimeout  stm32f1xx_hal_i2c.o
    0x0800218a   0x0800218a   0x00000066   Code   RO         2071    i.I2C_WaitOnRXNEFlagUntilTimeout  stm32f1xx_hal_i2c.o
    0x080021f0   0x080021f0   0x0000004c   Code   RO         2072    i.I2C_WaitOnTXEFlagUntilTimeout  stm32f1xx_hal_i2c.o
    0x0800223c   0x0800223c   0x00000038   Code   RO         2533    i.IntToUnicode      usbd_desc.o
    0x08002274   0x08002274   0x00000070   Code   RO          277    i.MX_GPIO_Init      gpio.o
    0x080022e4   0x080022e4   0x00000040   Code   RO          390    i.MX_I2C2_Init      i2c.o
    0x08002324   0x08002324   0x00000054   Code   RO         2506    i.MX_USB_DEVICE_Init  usb_device.o
    0x08002378   0x08002378   0x00000002   Code   RO          433    i.MemManage_Handler  stm32f1xx_it.o
    0x0800237a   0x0800237a   0x00000002   Code   RO          434    i.NMI_Handler       stm32f1xx_it.o
    0x0800237c   0x0800237c   0x00000314   Code   RO          607    i.PCD_EP_ISR_Handler  stm32f1xx_hal_pcd.o
    0x08002690   0x08002690   0x00000002   Code   RO          435    i.PendSV_Handler    stm32f1xx_it.o
    0x08002692   0x08002692   0x00000002   PAD
    0x08002694   0x08002694   0x00000064   Code   RO          215    i.RACWH_Recv        main.o
    0x080026f8   0x080026f8   0x000000d0   Code   RO          216    i.RACWH_Trans       main.o
    0x080027c8   0x080027c8   0x00000024   Code   RO           16    i.Rece_Byte         ad5933.o
    0x080027ec   0x080027ec   0x00000002   Code   RO          436    i.SVC_Handler       stm32f1xx_it.o
    0x080027ee   0x080027ee   0x00000002   PAD
    0x080027f0   0x080027f0   0x000000fc   Code   RO           17    i.Scale_imp         ad5933.o
    0x080028ec   0x080028ec   0x00000024   Code   RO           18    i.SetPointer        ad5933.o
    0x08002910   0x08002910   0x00000004   Code   RO          437    i.SysTick_Handler   stm32f1xx_it.o
    0x08002914   0x08002914   0x00000062   Code   RO          217    i.SystemClock_Config  main.o
    0x08002976   0x08002976   0x00000002   Code   RO         2469    i.SystemInit        system_stm32f1xx.o
    0x08002978   0x08002978   0x00000046   Code   RO         3177    i.USBD_CDC_DataIn   usbd_cdc.o
    0x080029be   0x080029be   0x0000002e   Code   RO         3178    i.USBD_CDC_DataOut  usbd_cdc.o
    0x080029ec   0x080029ec   0x00000044   Code   RO         3179    i.USBD_CDC_DeInit   usbd_cdc.o
    0x08002a30   0x08002a30   0x00000024   Code   RO         3180    i.USBD_CDC_EP0_RxReady  usbd_cdc.o
    0x08002a54   0x08002a54   0x0000000c   Code   RO         3181    i.USBD_CDC_GetDeviceQualifierDescriptor  usbd_cdc.o
    0x08002a60   0x08002a60   0x0000000c   Code   RO         3182    i.USBD_CDC_GetFSCfgDesc  usbd_cdc.o
    0x08002a6c   0x08002a6c   0x0000000c   Code   RO         3183    i.USBD_CDC_GetHSCfgDesc  usbd_cdc.o
    0x08002a78   0x08002a78   0x0000000c   Code   RO         3184    i.USBD_CDC_GetOtherSpeedCfgDesc  usbd_cdc.o
    0x08002a84   0x08002a84   0x00000094   Code   RO         3185    i.USBD_CDC_Init     usbd_cdc.o
    0x08002b18   0x08002b18   0x00000028   Code   RO         3186    i.USBD_CDC_ReceivePacket  usbd_cdc.o
    0x08002b40   0x08002b40   0x00000010   Code   RO         3187    i.USBD_CDC_RegisterInterface  usbd_cdc.o
    0x08002b50   0x08002b50   0x0000000c   Code   RO         3188    i.USBD_CDC_SetRxBuffer  usbd_cdc.o
    0x08002b5c   0x08002b5c   0x00000010   Code   RO         3189    i.USBD_CDC_SetTxBuffer  usbd_cdc.o
    0x08002b6c   0x08002b6c   0x000000ac   Code   RO         3190    i.USBD_CDC_Setup    usbd_cdc.o
    0x08002c18   0x08002c18   0x00000036   Code   RO         3191    i.USBD_CDC_TransmitPacket  usbd_cdc.o
    0x08002c4e   0x08002c4e   0x0000000e   Code   RO         2914    i.USBD_ClrClassConfig  usbd_core.o
    0x08002c5c   0x08002c5c   0x00000010   Code   RO         3117    i.USBD_CtlContinueRx  usbd_ioreq.o
    0x08002c6c   0x08002c6c   0x00000010   Code   RO         3118    i.USBD_CtlContinueSendData  usbd_ioreq.o
    0x08002c7c   0x08002c7c   0x00000016   Code   RO         3052    i.USBD_CtlError     usbd_ctlreq.o
    0x08002c92   0x08002c92   0x0000001e   Code   RO         3119    i.USBD_CtlPrepareRx  usbd_ioreq.o
    0x08002cb0   0x08002cb0   0x00000016   Code   RO         3120    i.USBD_CtlReceiveStatus  usbd_ioreq.o
    0x08002cc6   0x08002cc6   0x0000001a   Code   RO         3121    i.USBD_CtlSendData  usbd_ioreq.o
    0x08002ce0   0x08002ce0   0x00000016   Code   RO         3122    i.USBD_CtlSendStatus  usbd_ioreq.o
    0x08002cf6   0x08002cf6   0x00000002   PAD
    0x08002cf8   0x08002cf8   0x00000020   Code   RO         2534    i.USBD_FS_ConfigStrDescriptor  usbd_desc.o
    0x08002d18   0x08002d18   0x0000000c   Code   RO         2535    i.USBD_FS_DeviceDescriptor  usbd_desc.o
    0x08002d24   0x08002d24   0x00000024   Code   RO         2536    i.USBD_FS_InterfaceStrDescriptor  usbd_desc.o
    0x08002d48   0x08002d48   0x0000000c   Code   RO         2537    i.USBD_FS_LangIDStrDescriptor  usbd_desc.o
    0x08002d54   0x08002d54   0x00000028   Code   RO         2538    i.USBD_FS_ManufacturerStrDescriptor  usbd_desc.o
    0x08002d7c   0x08002d7c   0x00000024   Code   RO         2539    i.USBD_FS_ProductStrDescriptor  usbd_desc.o
    0x08002da0   0x08002da0   0x00000038   Code   RO         2540    i.USBD_FS_SerialStrDescriptor  usbd_desc.o
    0x08002dd8   0x08002dd8   0x000000e8   Code   RO         3053    i.USBD_GetDescriptor  usbd_ctlreq.o
    0x08002ec0   0x08002ec0   0x00000048   Code   RO         3054    i.USBD_GetString    usbd_ctlreq.o
    0x08002f08   0x08002f08   0x00000018   Code   RO         2712    i.USBD_Get_USB_Status  usbd_conf.o
    0x08002f20   0x08002f20   0x0000002a   Code   RO         2916    i.USBD_Init         usbd_core.o
    0x08002f4a   0x08002f4a   0x00000012   Code   RO         2713    i.USBD_LL_ClearStallEP  usbd_conf.o
    0x08002f5c   0x08002f5c   0x00000012   Code   RO         2714    i.USBD_LL_CloseEP   usbd_conf.o
    0x08002f6e   0x08002f6e   0x000000c6   Code   RO         2917    i.USBD_LL_DataInStage  usbd_core.o
    0x08003034   0x08003034   0x00000082   Code   RO         2918    i.USBD_LL_DataOutStage  usbd_core.o
    0x080030b6   0x080030b6   0x00000008   Code   RO         2718    i.USBD_LL_GetRxDataSize  usbd_conf.o
    0x080030be   0x080030be   0x00000002   PAD
    0x080030c0   0x080030c0   0x00000080   Code   RO         2719    i.USBD_LL_Init      usbd_conf.o
    0x08003140   0x08003140   0x00000020   Code   RO         2720    i.USBD_LL_IsStallEP  usbd_conf.o
    0x08003160   0x08003160   0x00000018   Code   RO         2721    i.USBD_LL_OpenEP    usbd_conf.o
    0x08003178   0x08003178   0x00000012   Code   RO         2722    i.USBD_LL_PrepareReceive  usbd_conf.o
    0x0800318a   0x0800318a   0x00000050   Code   RO         2923    i.USBD_LL_Reset     usbd_core.o
    0x080031da   0x080031da   0x00000014   Code   RO         2924    i.USBD_LL_Resume    usbd_core.o
    0x080031ee   0x080031ee   0x00000018   Code   RO         2925    i.USBD_LL_SOF       usbd_core.o
    0x08003206   0x08003206   0x00000006   Code   RO         2926    i.USBD_LL_SetSpeed  usbd_core.o
    0x0800320c   0x0800320c   0x00000012   Code   RO         2723    i.USBD_LL_SetUSBAddress  usbd_conf.o
    0x0800321e   0x0800321e   0x0000005a   Code   RO         2927    i.USBD_LL_SetupStage  usbd_core.o
    0x08003278   0x08003278   0x00000012   Code   RO         2724    i.USBD_LL_StallEP   usbd_conf.o
    0x0800328a   0x0800328a   0x00000012   Code   RO         2725    i.USBD_LL_Start     usbd_conf.o
    0x0800329c   0x0800329c   0x00000012   Code   RO         2928    i.USBD_LL_Suspend   usbd_core.o
    0x080032ae   0x080032ae   0x00000012   Code   RO         2727    i.USBD_LL_Transmit  usbd_conf.o
    0x080032c0   0x080032c0   0x00000028   Code   RO         3055    i.USBD_ParseSetupRequest  usbd_ctlreq.o
    0x080032e8   0x080032e8   0x00000010   Code   RO         2929    i.USBD_RegisterClass  usbd_core.o
    0x080032f8   0x080032f8   0x00000016   Code   RO         2931    i.USBD_SetClassConfig  usbd_core.o
    0x0800330e   0x0800330e   0x00000002   PAD
    0x08003310   0x08003310   0x00000084   Code   RO         3056    i.USBD_SetConfig    usbd_ctlreq.o
    0x08003394   0x08003394   0x0000000a   Code   RO         2932    i.USBD_Start        usbd_core.o
    0x0800339e   0x0800339e   0x00000112   Code   RO         3057    i.USBD_StdDevReq    usbd_ctlreq.o
    0x080034b0   0x080034b0   0x00000150   Code   RO         3058    i.USBD_StdEPReq     usbd_ctlreq.o
    0x08003600   0x08003600   0x0000004e   Code   RO         3059    i.USBD_StdItfReq    usbd_ctlreq.o
    0x0800364e   0x0800364e   0x00000002   Code   RO         2728    i.USBD_static_free  usbd_conf.o
    0x08003650   0x08003650   0x00000008   Code   RO         2729    i.USBD_static_malloc  usbd_conf.o
    0x08003658   0x08003658   0x00000258   Code   RO          845    i.USB_ActivateEndpoint  stm32f1xx_ll_usb.o
    0x080038b0   0x080038b0   0x00000004   Code   RO          848    i.USB_CoreInit      stm32f1xx_ll_usb.o
    0x080038b4   0x080038b4   0x0000010e   Code   RO          850    i.USB_DeactivateEndpoint  stm32f1xx_ll_usb.o
    0x080039c2   0x080039c2   0x00000004   Code   RO          851    i.USB_DevConnect    stm32f1xx_ll_usb.o
    0x080039c6   0x080039c6   0x00000004   Code   RO          852    i.USB_DevDisconnect  stm32f1xx_ll_usb.o
    0x080039ca   0x080039ca   0x00000012   Code   RO          853    i.USB_DevInit       stm32f1xx_ll_usb.o
    0x080039dc   0x080039dc   0x0000000e   Code   RO          854    i.USB_DisableGlobalInt  stm32f1xx_ll_usb.o
    0x080039ea   0x080039ea   0x00000004   Code   RO          855    i.USB_EP0_OutStart  stm32f1xx_ll_usb.o
    0x080039ee   0x080039ee   0x00000078   Code   RO          856    i.USB_EPClearStall  stm32f1xx_ll_usb.o
    0x08003a66   0x08003a66   0x00000032   Code   RO          857    i.USB_EPSetStall    stm32f1xx_ll_usb.o
    0x08003a98   0x08003a98   0x0000060c   Code   RO          858    i.USB_EPStartXfer   stm32f1xx_ll_usb.o
    0x080040a4   0x080040a4   0x00000012   Code   RO          859    i.USB_EnableGlobalInt  stm32f1xx_ll_usb.o
    0x080040b6   0x080040b6   0x00000002   PAD
    0x080040b8   0x080040b8   0x0000000c   Code   RO          438    i.USB_LP_CAN1_RX0_IRQHandler  stm32f1xx_it.o
    0x080040c4   0x080040c4   0x00000006   Code   RO          866    i.USB_ReadInterrupts  stm32f1xx_ll_usb.o
    0x080040ca   0x080040ca   0x00000002   PAD
    0x080040cc   0x080040cc   0x0000002c   Code   RO          867    i.USB_ReadPMA       stm32f1xx_ll_usb.o
    0x080040f8   0x080040f8   0x00000004   Code   RO          868    i.USB_SetCurrentMode  stm32f1xx_ll_usb.o
    0x080040fc   0x080040fc   0x0000000c   Code   RO          869    i.USB_SetDevAddress  stm32f1xx_ll_usb.o
    0x08004108   0x08004108   0x00000026   Code   RO          871    i.USB_WritePMA      stm32f1xx_ll_usb.o
    0x0800412e   0x0800412e   0x00000002   Code   RO          439    i.UsageFault_Handler  stm32f1xx_it.o
    0x08004130   0x08004130   0x00000024   Code   RO           19    i.Write_Byte        ad5933.o
    0x08004154   0x08004154   0x00000020   Code   RO         1513    i.__NVIC_SetPriority  stm32f1xx_hal_cortex.o
    0x08004174   0x08004174   0x0000000e   Code   RO         3373    i.__scatterload_copy  mc_w.l(handlers.o)
    0x08004182   0x08004182   0x00000002   Code   RO         3374    i.__scatterload_null  mc_w.l(handlers.o)
    0x08004184   0x08004184   0x0000000e   Code   RO         3375    i.__scatterload_zeroinit  mc_w.l(handlers.o)
    0x08004192   0x08004192   0x00000002   PAD
    0x08004194   0x08004194   0x00000088   Code   RO          218    i.main              main.o
    0x0800421c   0x0800421c   0x00000010   Data   RO         2470    .constdata          system_stm32f1xx.o
    0x0800422c   0x0800422c   0x00000008   Data   RO         2471    .constdata          system_stm32f1xx.o
    0x08004234   0x08004234   0x00000020   Data   RO         3371    Region$$Table       anon$$obj.o


    Execution Region RW_IRAM1 (Exec base: 0x20000000, Load base: 0x08004254, Size: 0x00001cc8, Max: 0x0000c000, ABSOLUTE, COMPRESSED[0x000000c4])

    Exec Addr    Load Addr    Size         Type   Attr      Idx    E Section Name        Object

    0x20000000   COMPRESSED   0x00000004   Data   RW           21    .data               ad5933.o
    0x20000004   COMPRESSED   0x0000000c   Data   RW          220    .data               main.o
    0x20000010   COMPRESSED   0x00000004   Data   RW          221    .data               main.o
    0x20000014   COMPRESSED   0x0000000c   Data   RW         1050    .data               stm32f1xx_hal.o
    0x20000020   COMPRESSED   0x00000004   Data   RW         2472    .data               system_stm32f1xx.o
    0x20000024   COMPRESSED   0x0000001c   Data   RW         2542    .data               usbd_desc.o
    0x20000040   COMPRESSED   0x00000032   Data   RW         2543    .data               usbd_desc.o
    0x20000072   COMPRESSED   0x00000002   PAD
    0x20000074   COMPRESSED   0x00000010   Data   RW         2641    .data               usbd_cdc_if.o
    0x20000084   COMPRESSED   0x00000001   Data   RW         3060    .data               usbd_ctlreq.o
    0x20000085   COMPRESSED   0x00000003   PAD
    0x20000088   COMPRESSED   0x000000d7   Data   RW         3192    .data               usbd_cdc.o
    0x2000015f   COMPRESSED   0x00000001   PAD
    0x20000160   COMPRESSED   0x00000038   Data   RW         3193    .data               usbd_cdc.o
    0x20000198        -       0x00000018   Zero   RW           20    .bss                ad5933.o
    0x200001b0        -       0x000000c8   Zero   RW          219    .bss                main.o
    0x20000278        -       0x00000054   Zero   RW          391    .bss                i2c.o
    0x200002cc        -       0x000002c4   Zero   RW         2507    .bss                usb_device.o
    0x20000590        -       0x00000200   Zero   RW         2541    .bss                usbd_desc.o
    0x20000790        -       0x00000028   Zero   RW         2640    .bss                usbd_cdc_if.o
    0x200007b8        -       0x0000050c   Zero   RW         2730    .bss                usbd_conf.o
    0x20000cc4   COMPRESSED   0x00000004   PAD
    0x20000cc8        -       0x00001000   Zero   RW            1    STACK               startup_stm32f103xe.o


==============================================================================

Image component sizes


      Code (inc. data)   RO Data    RW Data    ZI Data      Debug   Object Name

       508         30          0          4         24      55570   ad5933.o
       112          8          0          0          0     461895   gpio.o
       160         28          0          0         84       1541   i2c.o
       544         40          0         16        200       3506   main.o
        36          8        304          0       4096        780   startup_stm32f103xe.o
       164         28          0         12          0       6337   stm32f1xx_hal.o
       198         14          0          0          0      28815   stm32f1xx_hal_cortex.o
       530         42          0          0          0       3429   stm32f1xx_hal_gpio.o
      2218         54          0          0          0      12070   stm32f1xx_hal_i2c.o
        60          8          0          0          0        826   stm32f1xx_hal_msp.o
      2980          0          0          0          0      13573   stm32f1xx_hal_pcd.o
        60          0          0          0          0       1134   stm32f1xx_hal_pcd_ex.o
      1240         88          0          0          0       4525   stm32f1xx_hal_rcc.o
       236         12          0          0          0       1340   stm32f1xx_hal_rcc_ex.o
        32          6          0          0          0       4119   stm32f1xx_it.o
      2758          0          0          0          0      16187   stm32f1xx_ll_usb.o
         2          0         24          4          0       1055   system_stm32f1xx.o
        84         18          0          0        708        768   usb_device.o
       726         16          0        271          0      12666   usbd_cdc.o
       188         32          0         16         40       3550   usbd_cdc_if.o
       556         30          0          0       1292      13665   usbd_conf.o
       670          0          0          0          0       9171   usbd_core.o
      1186         28          0          1          0       7724   usbd_ctlreq.o
       280         96          0         78        512      10261   usbd_desc.o
       132          0          0          0          0       4176   usbd_ioreq.o

    ----------------------------------------------------------------------
     15684        586        360        408       6960     678683   Object Totals
         0          0         32          0          0          0   (incl. Generated)
        24          0          0          6          4          0   (incl. Padding)

    ----------------------------------------------------------------------

      Code (inc. data)   RO Data    RW Data    ZI Data      Debug   Library Member Name

        86          0          0          0          0          0   __dczerorl2.o
         0          0          0          0          0          0   entry.o
         0          0          0          0          0          0   entry10a.o
         0          0          0          0          0          0   entry11a.o
         4          0          0          0          0          0   entry12b.o
         8          4          0          0          0          0   entry2.o
         4          0          0          0          0          0   entry5.o
         0          0          0          0          0          0   entry7b.o
         0          0          0          0          0          0   entry8b.o
         8          4          0          0          0          0   entry9a.o
        30          0          0          0          0          0   handlers.o
        36          8          0          0          0         68   init.o
         0          0          0          0          0          0   iusefp.o
        30          0          0          0          0         68   llshl.o
        32          0          0          0          0         68   llushr.o
        36          0          0          0          0         68   memcpya.o
        36          0          0          0          0        108   memseta.o
       186          0          0          0          0        176   depilogue.o
        50          0          0          0          0         76   dfixui.o
       228          0          0          0          0         96   dmul.o
        38          0          0          0          0         68   f2d.o
       110          0          0          0          0        168   fepilogue.o
        10          0          0          0          0         68   ffltui.o

    ----------------------------------------------------------------------
       936         16          0          0          0       1032   Library Totals
         4          0          0          0          0          0   (incl. Padding)

    ----------------------------------------------------------------------

      Code (inc. data)   RO Data    RW Data    ZI Data      Debug   Library Name

       310         16          0          0          0        380   mc_w.l
       622          0          0          0          0        652   mf_w.l

    ----------------------------------------------------------------------
       936         16          0          0          0       1032   Library Totals

    ----------------------------------------------------------------------

==============================================================================


      Code (inc. data)   RO Data    RW Data    ZI Data      Debug   

     16620        602        360        408       6960     671003   Grand Totals
     16620        602        360        196       6960     671003   ELF Image Totals (compressed)
     16620        602        360        196          0          0   ROM Totals

==============================================================================

    Total RO  Size (Code + RO Data)                16980 (  16.58kB)
    Total RW  Size (RW Data + ZI Data)              7368 (   7.20kB)
    Total ROM Size (Code + RO Data + RW Data)      17176 (  16.77kB)

==============================================================================

